
Discarded input sections

 .text          0x00000000        0x0 src/ram.c.o
 .bss           0x00000000        0x0 src/ram.c.o
 .ARM.attributes
                0x00000000       0x20 src/ram.c.o
 .data          0x00000000        0x0 asm/crt0.s.o
 .bss           0x00000000        0x0 asm/crt0.s.o
 .ARM.attributes
                0x00000000       0x20 asm/crt0.s.o
 .data          0x00000000        0x0 data/7-7/metadata.s.o
 .bss           0x00000000        0x0 data/7-7/metadata.s.o
 .ARM.attributes
                0x00000000       0x20 data/7-7/metadata.s.o
 .data          0x00000000        0x0 data/7-6/metadata.s.o
 .bss           0x00000000        0x0 data/7-6/metadata.s.o
 .ARM.attributes
                0x00000000       0x20 data/7-6/metadata.s.o
 .data          0x00000000        0x0 data/7-5/metadata.s.o
 .bss           0x00000000        0x0 data/7-5/metadata.s.o
 .ARM.attributes
                0x00000000       0x20 data/7-5/metadata.s.o
 .data          0x00000000        0x0 data/7-4/metadata.s.o
 .bss           0x00000000        0x0 data/7-4/metadata.s.o
 .ARM.attributes
                0x00000000       0x20 data/7-4/metadata.s.o
 .data          0x00000000        0x0 data/7-3/metadata.s.o
 .bss           0x00000000        0x0 data/7-3/metadata.s.o
 .ARM.attributes
                0x00000000       0x20 data/7-3/metadata.s.o
 .data          0x00000000        0x0 data/7-2/metadata.s.o
 .bss           0x00000000        0x0 data/7-2/metadata.s.o
 .ARM.attributes
                0x00000000       0x20 data/7-2/metadata.s.o
 .data          0x00000000        0x0 data/7-1/metadata.s.o
 .bss           0x00000000        0x0 data/7-1/metadata.s.o
 .ARM.attributes
                0x00000000       0x20 data/7-1/metadata.s.o
 .data          0x00000000        0x0 data/7-8/metadata.s.o
 .bss           0x00000000        0x0 data/7-8/metadata.s.o
 .ARM.attributes
                0x00000000       0x20 data/7-8/metadata.s.o
 .data          0x00000000        0x0 data/6-7/metadata.s.o
 .bss           0x00000000        0x0 data/6-7/metadata.s.o
 .ARM.attributes
                0x00000000       0x20 data/6-7/metadata.s.o
 .data          0x00000000        0x0 data/6-6/metadata.s.o
 .bss           0x00000000        0x0 data/6-6/metadata.s.o
 .ARM.attributes
                0x00000000       0x20 data/6-6/metadata.s.o
 .data          0x00000000        0x0 data/6-5/metadata.s.o
 .bss           0x00000000        0x0 data/6-5/metadata.s.o
 .ARM.attributes
                0x00000000       0x20 data/6-5/metadata.s.o
 .data          0x00000000        0x0 data/6-4/metadata.s.o
 .bss           0x00000000        0x0 data/6-4/metadata.s.o
 .ARM.attributes
                0x00000000       0x20 data/6-4/metadata.s.o
 .data          0x00000000        0x0 data/6-3/metadata.s.o
 .bss           0x00000000        0x0 data/6-3/metadata.s.o
 .ARM.attributes
                0x00000000       0x20 data/6-3/metadata.s.o
 .data          0x00000000        0x0 data/6-2/metadata.s.o
 .bss           0x00000000        0x0 data/6-2/metadata.s.o
 .ARM.attributes
                0x00000000       0x20 data/6-2/metadata.s.o
 .data          0x00000000        0x0 data/6-1/metadata.s.o
 .bss           0x00000000        0x0 data/6-1/metadata.s.o
 .ARM.attributes
                0x00000000       0x20 data/6-1/metadata.s.o
 .data          0x00000000        0x0 data/6-8/metadata.s.o
 .bss           0x00000000        0x0 data/6-8/metadata.s.o
 .ARM.attributes
                0x00000000       0x20 data/6-8/metadata.s.o
 .data          0x00000000        0x0 data/5-7/metadata.s.o
 .bss           0x00000000        0x0 data/5-7/metadata.s.o
 .ARM.attributes
                0x00000000       0x20 data/5-7/metadata.s.o
 .data          0x00000000        0x0 data/5-6/metadata.s.o
 .bss           0x00000000        0x0 data/5-6/metadata.s.o
 .ARM.attributes
                0x00000000       0x20 data/5-6/metadata.s.o
 .data          0x00000000        0x0 data/5-5/metadata.s.o
 .bss           0x00000000        0x0 data/5-5/metadata.s.o
 .ARM.attributes
                0x00000000       0x20 data/5-5/metadata.s.o
 .data          0x00000000        0x0 data/5-4/metadata.s.o
 .bss           0x00000000        0x0 data/5-4/metadata.s.o
 .ARM.attributes
                0x00000000       0x20 data/5-4/metadata.s.o
 .data          0x00000000        0x0 data/5-3/metadata.s.o
 .bss           0x00000000        0x0 data/5-3/metadata.s.o
 .ARM.attributes
                0x00000000       0x20 data/5-3/metadata.s.o
 .data          0x00000000        0x0 data/5-2/metadata.s.o
 .bss           0x00000000        0x0 data/5-2/metadata.s.o
 .ARM.attributes
                0x00000000       0x20 data/5-2/metadata.s.o
 .data          0x00000000        0x0 data/5-1/metadata.s.o
 .bss           0x00000000        0x0 data/5-1/metadata.s.o
 .ARM.attributes
                0x00000000       0x20 data/5-1/metadata.s.o
 .data          0x00000000        0x0 data/5-8/metadata.s.o
[...]
Memory Configuration

Name             Origin             Length             Attributes
*default*        0x00000000         0xffffffff

Linker script and memory map

                0x03000000                . = 0x3000000

iwram           0x03000000     0x7660
 src/ram.c.o(.data)
 .data          0x03000000     0x5ea0 src/ram.c.o
                0x03000000                _3000000
                0x03000004                _3000004
                0x03000008                _3000008
                0x0300000c                _300000C
                0x03000010                _3000010
                0x03000014                _3000014
                0x03000018                _currentCreditsPtr
                0x0300001c                _creditsPtr
                0x03000020                _3000020
                0x03000022                _3000021
                0x03000024                _3000024
                0x03000028                _fontPtr
                0x0300002c                _300002C
                0x03000030                _3000030
                0x03000038                _3000038
                0x03000058                _unk3000058
                0x03000059                _unk3000059
                0x0300005a                _unk300005A
                0x0300005c                _unk300005C
                0x03000060                _unk3000060
                0x03000064                _unk3000064
                0x03000068                _unk3000068
                0x0300006c                _unk300006C
                0x03000070                _unk3000070
                0x03000074                _unk3000074
                0x03000078                _unk3000078
                0x0300007c                _unk300007C
                0x03000080                _unk3000080
                0x030000bc                _unk30000BC
                0x030000c0                _unk30000C0
                0x030000c4                _unk30000C4
                0x030000c8                _unk30000C8
                0x030000cc                _unk30000CC
                0x030000d0                _unk30000D0
                0x030000d4                _unk30000D4
                0x030000d5                _unk30000D5
                0x030000d6                _unk30000D6
                0x030000d8                _unk30000D8
                0x030000dc                _unk30000DC
                0x030000de                _unk30000DD
                0x030000e0                _unk30000E0
                0x030000e4                _unk30000E4
                0x030000e8                _unk30000E8
                0x030000ec                _unk30000EC
                0x030000f0                _unk30000F0
                0x030000f4                _unk30000F4
                0x030000f8                _unk30000F8
                0x030000fc                _unk30000FC
                0x03000100                _unk3000100
                0x03000104                _unk3000104
                0x03000108                _unk3000108
                0x0300010c                _unk300010C
                0x03000110                _unk3000110
                0x03000114                _unk3000114
                0x03000118                _unk3000118
                0x0300011c                _unk300011C
                0x03000120                _collectionListFontBlock
                0x03000124                _collectionListFont
                0x03000128                _unk3000128
                0x0300012c                _unk300012C
                0x03000130                _unk3000130
                0x03000134                _unk3000134
                0x03000138                _unk3000138
                0x0300013c                _unk300013C
                0x03000140                _unk3000140
                0x03000150                _unk3000150
                0x03000158                _unk3000158
                0x0300015c                _unk300015C
                0x03000160                _unk3000160
                0x03000164                _unk3000164
                0x03000168                _unk3000168
                0x0300016c                _unk300016C
                0x03000170                _unk3000170
                0x03000174                _unk3000174
                0x03000178                _unk3000178
                0x03000180                _unk3000180
                0x030001a8                _unk30001A8
                0x030001ac                _unk30001AC
                0x030001b0                _unk30001B0
                0x030001b4                _unk30001B4
                0x030001b8                _unk30001B8
                0x030001bc                _unk30001BC
                0x030001c0                _unk30001C0
                0x030001c8                _unk30001C8
                0x030001f0                _unk30001F0
                0x030001f4                _unk30001F4
                0x030001f8                _unk30001F8
                0x030001fc                _unk30001FC
                0x03000200                _unk3000200
                0x03000204                _unk3000204
                0x03000208                _unk3000208
                0x0300020c                _unk300020C
                0x03000210                _unk3000210
                0x03000218                _unk3000218
                0x03000248                _unk3000248
                0x03000278                _unk3000278
                0x0300027c                _unk300027C
                0x03000280                _unk3000280
                0x03000284                _unk3000284
                0x03000288                _unk3000288
                0x03000290                _unk3000290
                0x030002c0                _unk30002C0
                0x030002f0                _unk30002F0
                0x030002f4                _unk30002F4
                0x030002f8                _unk30002F8
                0x030002fc                _unk30002FC
                0x03000300                _unk3000300
                0x03000308                _unk3000308
                0x03000338                _unk3000338
                0x03000368                _unk3000368
                0x0300036c                _unk300036C
                0x03000370                _unk3000370
                0x03000374                _unk3000374
                0x03000378                _unk3000378
                0x03000380                _unk3000380
                0x03000388                _unk3000388
                0x03000390                _unk3000390
                0x03000398                _unk3000398
                0x030003a0                _unk30003A0
                0x030003a8                _unk30003A8
                0x030003ac                _unk30003AC
                0x030003b0                _unk30003B0
                0x030003b4                _unk30003B4
                0x030003b8                _unk30003B8
                0x030003bc                _unk30003BC
                0x030003c0                _unk30003C0
                0x030003c4                _unk30003C4
                0x030003c8                _unk30003C8
                0x030003cc                _unk30003CC
                0x030003d0                _unk30003D0
                0x030003d4                _unk30003D4
                0x030003d8                _unk30003D8
                0x030003dc                _unk30003DC
                0x030003e0                _unk30003E0
                0x030003e4                _unk30003E4
                0x030003e8                _unk30003E8
                0x030003ec                _unk30003EC
                0x030003f0                _unk30003F0
                0x030003f8                _unk30003F8
                0x03000428                _unk3000428
                0x03000458                _unk3000458
                0x0300045c                _unk300045C
                0x03000460                _unk3000460
                0x03000464                _unk3000464
                0x03000468                _unk3000468
                0x0300046c                _unk300046C
                0x03000470                _unk3000470
                0x03000474                _unk3000474
                0x03000478                _unk3000478
                0x03000480                _unk3000480
                0x03000490                _unk3000490
                0x03000492                _unk3000491
                0x03000494                _unk3000494
                0x03000498                _unk3000498
                0x0300049c                _unk300049C
                0x030004a0                _unk30004A0
                0x030004a4                _unk30004A4
                0x030004a8                _unk30004A8
                0x030004ac                _unk30004AC
                0x030004b0                _unk30004B0
                0x030004b4                _unk30004B4
                0x030004b8                _unk30004B8
                0x030004bc                _unk30004BC
                0x030004c0                _unk30004C0
                0x030004c2                _unk30004C1
                0x030004c4                _unk30004C4
                0x030004c8                _unk30004C8
                0x030004cc                _unk30004CC
                0x030004d0                _unk30004D0
                0x030004d4                _unk30004D4
                0x030004d8                _unk30004D8
                0x030004dc                _unk30004DC
                0x030004e0                _unk30004E0
                0x030004e4                _unk30004E4
                0x030004e8                _unk30004E8
                0x030004f0                _unk30004F0
                0x03000538                _unk3000538
                0x03000539                _unk3000539
                0x0300053a                _unk300053A
                0x0300053b                _unk300053B
                0x0300053c                _unk300053C
                0x03000540                _unk3000540
                0x03000544                _unk3000544
                0x03000548                _unk3000548
                0x0300054c                _unk300054C
                0x03000550                _unk3000550
                0x03000554                _unk3000554
                0x03000558                _unk3000558
                0x0300055c                _unk300055C
                0x03000560                _unk3000560
                0x03000564                _unk3000564
                0x03000568                _unk3000568
                0x0300056c                _unk300056C
                0x03000570                _unk3000570
                0x03000574                _unk3000574
                0x03000578                _unk3000578
                0x0300057c                _unk300057C
                0x03000580                _unk3000580
                0x030005b0                _unk30005B0
                0x030005b4                _unk30005B4
                0x030005b8                _unk30005B8
                0x030005bc                _unk30005BC
                0x030005c0                _unk30005C0
                0x030005c4                _unk30005C4
                0x030005c8                _unk30005C8
                0x030005cc                _unk30005CC
                0x030005d0                _unk30005D0
                0x030005d4                _unk30005D4
                0x030005d8                _unk30005D8
                0x030005dc                _unk30005DC
                0x030005e0                _unk30005E0
                0x030005e2                _unk30005E2
                0x030005e4                _unk30005E4
                0x030005e8                _unk30005E8
                0x030005ec                _unk30005EC
                0x030005f0                _unk30005F0
                0x03000600                _unk3000600
                0x03000604                _unk3000604
                0x03000608                _unk3000608
                0x0300060c                _unk300060C
                0x03000610                _unk3000610
                0x03000640                _unk3000640
                0x03000644                _unk3000644
                0x03000648                _unk3000648
                0x03000650                _unk3000650
                0x030006a4                _unk30006A4
                0x030006b8                _unk30006B8
                0x03000a78                _unk3000A78
                0x03000be0                _unk3000BE0
                0x03000bfc                _unk3000BFC
                0x03000bfe                _unk3000BFD
                0x03000c00                _level_var14
                0x03000c04                _unk3000C04
                0x03000c08                _unk3000C08
                0x03000c0c                _unk3000C0C
                0x03000c10                _rider
                0x03000c18                withBoundingAreaCount
                0x03000c20                withBoundingAreas
                0x03000ca0                _unk3000CA0
                0x03000d00                _unk3000D00
                0x03000d30                _unk3000D30
                0x03000d80                _unk3000D80
                0x03000d90                _unk3000D90
                0x03000d94                _unk3000D94
                0x03000d98                _soundTables
                0x03000d9c                _unk3000D9C
                0x03000da0                _unk3000DA0
                0x03000da2                _unk3000DA2
                0x03000da8                _batteryBackupTimer
                0x03000daa                _unk_3000DAA
                0x03000dac                _unk_3000DAC
                0x03000db0                _batteryBackupTimer_REG
                0x03000db4                _unk_3000DB4
                0x03000db8                _unk3000DB8
                0x03000dc8                _unk3000DC8
                0x03000de0                _unk3000DE0
                0x03000df0                _unk3000DF0
                0x03000e04                _unk3000E04
                0x03000e30                _unk3000E30
                0x03000e3c                _unk3000E3C
                0x03000e40                _unk3000E40
                0x03000ee0                _unk3000EE0
                0x03000ee8                _unk3000EE8
                0x03000eec                _unk3000EEC
                0x03000f14                _unk3000F14
                0x03000f18                _unk3000F18
                0x03000f1c                _unk3000F1C
                0x03000f20                _unk3000F20
                0x03000f40                _unk3000F40
                0x03000f44                _unk3000F44
                0x03000f48                _currentGameState
                0x03000f50                _unk3000F50
                0x03000fac                _levelDataBlockPtr
                0x03000fb0                _gameData
                0x03000fb4                _unk3000FB4
                0x03000fc0                _unk3000FC0
                0x03000fd0                _unk3000FD0
                0x03000fe0                _unk3000FE0
                0x03001110                _unk3001110
                0x03001150                _nextExramBlock
                0x03001154                _exram
                0x03001158                _unk3001158
                0x0300115c                _exramBlocksUsed
                0x03001160                _wram
                0x03005c80                _wramBlocks
                0x03005c84                _nextWramBlock
                0x03005c88                _wramBlocksUsed
                0x03005c8c                _unk3005C8C
                0x03005c90                _exramBlocks
                0x03005c94                _pad
                0x03005ca0                _keyInput
                0x03005ca4                _isKeyRecording
                0x03005cb0                _unk3005CB0
                0x03005da0                _unk3005DA0
                0x03005da4                _unk3005DA4
                0x03005da8                _unk3005DA8
                0x03005dac                _unk3005DAC
                0x03005db0                _keyRecordingData
                0x03005db4                _unk3005DB4
                0x03005db8                _unk3005DB8
                0x03005dbc                _keyRecordingBlock
                0x03005dc0                _unk3005DC0
                0x03005dc4                _unk3005DC4
                0x03005dc8                _unk3005DC8
                0x03005dcc                _SpriteVramFreeList
                0x03005dd0                _sprites
                0x03005dd4                _SpriteVramFreeList_block
                0x03005dd8                _unk3005DD8
                0x03005ddc                _rotationScaleBlock
                0x03005de0                _spritesBlock
                0x03005de4                _unk3005DE4
                0x03005de8                _rotationScale_end
                0x03005dec                _spritesLeft
                0x03005df0                _rotationScale
                0x03005df4                _spriteEntryCount
                0x03005df8                _unk3005DF8
                0x03005e00                _unk3005E00
                0x03005e04                _unk3005E04
                0x03005e08                _unk3005E08
                0x03005e0c                _unk3005E0C
                0x03005e10                _unk3005E10
                0x03005e14                _unk3005E14
                0x03005e18                _unk3005E18
                0x03005e1c                _soundMixer
                0x03005e20                _unk3005E20
                0x03005e24                _unk3005E24
                0x03005e28                _unk3005E28
                0x03005e2c                _soundMixerBlock
                0x03005e30                _soundTableBlock
                0x03005e40                _unk3005E40
                0x03005e4c                _unk3005E4C
                0x03005e50                _soundMixerPlus
                0x03005e54                _actorBlocksHeapPtr
                0x03005e58                _unk3005E58
                0x03005e5c                _unk3005E5C
                0x03005e60                _unk3005E60
                0x03005e64                _unk3005E64
                0x03005e68                _actorsHeapPtr
                0x03005e6c                _unk3005E6C
                0x03005e74                _unk3005E74
                0x03005e78                _unk3005E78
                0x03005e80                _unk3005E80
                0x03005e98                _unk3005E98
                0x03005e9c                _unk_3005E9C
                0x03005ea0                _ARM_sub_87569F4 = .
                0x03005f2c                . = (. + 0x8c)
 *fill*         0x03005ea0       0x8c 
                0x03005f2c                _ARM_sub_8756A84 = .
                0x0300616c                . = (. + 0x240)
 *fill*         0x03005f2c      0x240 
                0x0300616c                _oam_8756CC0 = .
                0x0300646c                . = (. + 0x300)
 *fill*         0x0300616c      0x300 
                0x0300646c                _sub_8756FC0 = .
                0x0300682c                . = (. + 0x3c0)
 *fill*         0x0300646c      0x3c0 
                0x0300682c                _sub_8757380 = .
                0x03006940                . = (. + 0x114)
 *fill*         0x0300682c      0x114 
                0x03006940                _sub_8757494 = .
                0x03006a20                . = (. + 0xe0)
 *fill*         0x03006940       0xe0 
                0x03006a20                _sub_8757574 = .
                0x03006b84                . = (. + 0x164)
 *fill*         0x03006a20      0x164 
                0x03006b84                _sub_87576D8 = .
                0x03006c60                . = (. + 0xdc)
 *fill*         0x03006b84       0xdc 
                0x03006c60                _sub_87577B4 = .
                0x03006f10                . = (. + 0x2b0)
 *fill*         0x03006c60      0x2b0 
                0x03006f10                _sound_8757A64 = .
                0x03006fac                . = (. + 0x9c)
 *fill*         0x03006f10       0x9c 
                0x03006fac                _fastMemoryClearARM = .
                0x03007034                . = (. + 0x88)
 *fill*         0x03006fac       0x88 
                0x03007034                _fastMemoryCopyARM = .
                0x030070b8                . = (. + 0x84)
 *fill*         0x03007034       0x84 
                0x030070b8                _fastMemoryClear16ARM = .
                0x0300711c                . = (. + 0x64)
 *fill*         0x030070b8       0x64 
                0x0300711c                _fastMemoryCopy16ARM = .
                0x0300717c                . = (. + 0x60)
 *fill*         0x0300711c       0x60 
                0x0300717c                _sub_8757CD0 = .
                0x030071d0                . = (. + 0x54)
 *fill*         0x0300717c       0x54 
                0x030071d0                _sub_8757D24 = .
                0x030072f8                . = (. + 0x128)
 *fill*         0x030071d0      0x128 
                0x030072f8                _sub_8757E4C = .
                0x03007478                . = (. + 0x180)
 *fill*         0x030072f8      0x180 
                0x03007478                _sub_8757FCC = .
                0x03007660                . = (. + 0x1e8)
 *fill*         0x03007478      0x1e8 
                0x03007660                fn_end = .
                0x08000000                . = 0x8000000

.text           0x08000000   0x7581b4
 asm/crt0.s.o(.text)
 .text          0x08000000      0x284 asm/crt0.s.o
                0x08000000                Start
                0x080000c0                main
                0x08000168                sub_8000168
 data/7-7/metadata.s.o(.text)
 .text          0x08000284      0x208 data/7-7/metadata.s.o
                0x08000284                off_8000281
                0x08000284                LineDataE07S07
 data/7-6/metadata.s.o(.text)
 .text          0x0800048c      0x6cc data/7-6/metadata.s.o
                0x0800048c                LineDataE07S06
 data/7-5/metadata.s.o(.text)
 .text          0x08000b58      0x8ac data/7-5/metadata.s.o
                0x08000b58                LineDataE07S05
 data/7-4/metadata.s.o(.text)
 .text          0x08001404      0x4e0 data/7-4/metadata.s.o
                0x08001404                LineDataE07S04
 data/7-3/metadata.s.o(.text)
 .text          0x080018e4      0x514 data/7-3/metadata.s.o
                0x080018e4                LineDataE07S03
 data/7-2/metadata.s.o(.text)
 .text          0x08001df8      0x6b8 data/7-2/metadata.s.o
                0x08001df8                LineDataE07S02
 data/7-1/metadata.s.o(.text)
 .text          0x080024b0      0x6ec data/7-1/metadata.s.o
                0x080024b0                LineDataE07S01
 data/7-8/metadata.s.o(.text)
 .text          0x08002b9c      0x590 data/7-8/metadata.s.o
                0x08002b9c                LineDataE07S08
 data/6-7/metadata.s.o(.text)
 .text          0x0800312c      0x23c data/6-7/metadata.s.o
                0x0800312c                LineDataE06S07
 data/6-6/metadata.s.o(.text)
 .text          0x08003368      0x690 data/6-6/metadata.s.o
                0x08003368                LineDataE06S06
 data/6-5/metadata.s.o(.text)
 .text          0x080039f8      0x584 data/6-5/metadata.s.o
                0x080039f8                LineDataE06S05
 data/6-4/metadata.s.o(.text)
 .text          0x08003f7c      0x648 data/6-4/metadata.s.o
                0x08003f7c                LineDataE06S04
 data/6-3/metadata.s.o(.text)
 .text          0x080045c4      0x2d4 data/6-3/metadata.s.o
                0x080045c4                LineDataE06S03
 data/6-2/metadata.s.o(.text)
 .text          0x08004898      0x92c data/6-2/metadata.s.o
                0x08004898                LineDataE06S02
 data/6-1/metadata.s.o(.text)
 .text          0x080051c4      0x6f4 data/6-1/metadata.s.o
                0x080051c4                LineDataE06S01
 data/6-8/metadata.s.o(.text)
 .text          0x080058b8      0x470 data/6-8/metadata.s.o
                0x080058b8                LineDataE06S08
 data/5-7/metadata.s.o(.text)
 .text          0x08005d28      0x9ec data/5-7/metadata.s.o
                0x08005d28                LineDataE05S07
 data/5-6/metadata.s.o(.text)
 .text          0x08006714      0x48c data/5-6/metadata.s.o
                0x08006714                LineDataE05S06
 data/5-5/metadata.s.o(.text)
 .text          0x08006ba0      0x8fc data/5-5/metadata.s.o
                0x08006ba0                LineDataE05S05
 data/5-4/metadata.s.o(.text)
 .text          0x0800749c      0x388 data/5-4/metadata.s.o
                0x0800749c                LineDataE05S04
 data/5-3/metadata.s.o(.text)
 .text          0x08007824      0x7b0 data/5-3/metadata.s.o
                0x08007824                LineDataE05S03
 data/5-2/metadata.s.o(.text)
 .text          0x08007fd4      0x670 data/5-2/metadata.s.o
                0x08007fd4                LineDataE05S02
 data/5-1/metadata.s.o(.text)
 .text          0x08008644      0x498 data/5-1/metadata.s.o
                0x08008644                LineDataE05S01
 data/5-8/metadata.s.o(.text)
 .text          0x08008adc      0x36c data/5-8/metadata.s.o
                0x08008adc                LineDataE05S08
 data/4-7/metadata.s.o(.text)
 .text          0x08008e48       0xe8 data/4-7/metadata.s.o
                0x08008e48                LineDataE04S07
 data/4-6/metadata.s.o(.text)
 .text          0x08008f30      0x318 data/4-6/metadata.s.o
                0x08008f30                LineDataE04S06
 data/4-5/metadata.s.o(.text)
 .text          0x08009248      0x58c data/4-5/metadata.s.o
                0x08009248                LineDataE04S05
 data/4-4/metadata.s.o(.text)
 .text          0x080097d4      0x7bc data/4-4/metadata.s.o
                0x080097d4                LineDataE04S04
 data/4-3/metadata.s.o(.text)
 .text          0x08009f90      0x1c8 data/4-3/metadata.s.o
                0x08009f90                LineDataE04S03
 data/4-2/metadata.s.o(.text)
 .text          0x0800a158      0x4e0 data/4-2/metadata.s.o
                0x0800a158                LineDataE04S02
 data/4-1/metadata.s.o(.text)
 .text          0x0800a638      0x4a4 data/4-1/metadata.s.o
                0x0800a638                LineDataE04S01
 data/4-8/metadata.s.o(.text)
 .text          0x0800aadc      0x1c8 data/4-8/metadata.s.o
                0x0800aadc                LineDataE04S08
 data/3-7/metadata.s.o(.text)
 .text          0x0800aca4      0x428 data/3-7/metadata.s.o
                0x0800aca4                LineDataE03S07
 data/3-6/metadata.s.o(.text)
 .text          0x0800b0cc      0x180 data/3-6/metadata.s.o
                0x0800b0cc                LineDataE03S06
 data/3-5/metadata.s.o(.text)
 .text          0x0800b24c      0x300 data/3-5/metadata.s.o
                0x0800b24c                LineDataE03S05
 data/3-4/metadata.s.o(.text)
 .text          0x0800b54c      0x25c data/3-4/metadata.s.o
                0x0800b54c                LineDataE03S04
 data/3-3/metadata.s.o(.text)
 .text          0x0800b7a8      0x1c8 data/3-3/metadata.s.o
                0x0800b7a8                LineDataE03S03
 data/3-2/metadata.s.o(.text)
 .text          0x0800b970      0x2c4 data/3-2/metadata.s.o
                0x0800b970                LineDataE03S02
 data/3-1/metadata.s.o(.text)
 .text          0x0800bc34      0x5ec data/3-1/metadata.s.o
                0x0800bc34                LineDataE03S01
 data/3-8/metadata.s.o(.text)
 .text          0x0800c220      0x560 data/3-8/metadata.s.o
                0x0800c220                LineDataE03S08
 data/2-7/metadata.s.o(.text)
 .text          0x0800c780      0x4ac data/2-7/metadata.s.o
                0x0800c780                LineDataE02S07
 data/2-6/metadata.s.o(.text)
 .text          0x0800cc2c      0x5f0 data/2-6/metadata.s.o
                0x0800cc2c                LineDataE02S06
 data/2-5/metadata.s.o(.text)
 .text          0x0800d21c      0x3d4 data/2-5/metadata.s.o
                0x0800d21c                LineDataE02S05
 data/2-4/metadata.s.o(.text)
 .text          0x0800d5f0      0x4ac data/2-4/metadata.s.o
                0x0800d5f0                LineDataE02S04
 data/2-3/metadata.s.o(.text)
 .text          0x0800da9c      0x22c data/2-3/metadata.s.o
                0x0800da9c                LineDataE02S03
 data/2-2/metadata.s.o(.text)
 .text          0x0800dcc8      0x194 data/2-2/metadata.s.o
                0x0800dcc8                LineDataE02S02
 data/2-1/metadata.s.o(.text)
 .text          0x0800de5c      0x328 data/2-1/metadata.s.o
                0x0800de5c                LineDataE02S01
 data/2-8/metadata.s.o(.text)
 .text          0x0800e184      0x368 data/2-8/metadata.s.o
                0x0800e184                LineDataE02S08
 data/1-7/metadata.s.o(.text)
 .text          0x0800e4ec      0x2f0 data/1-7/metadata.s.o
                0x0800e4ec                LineDataE01S07
 data/1-6/metadata.s.o(.text)
 .text          0x0800e7dc      0x338 data/1-6/metadata.s.o
                0x0800e7dc                LineDataE01S06
 data/1-5/metadata.s.o(.text)
 .text          0x0800eb14      0x244 data/1-5/metadata.s.o
                0x0800eb14                LineDataE01S05
 data/1-4/metadata.s.o(.text)
 .text          0x0800ed58      0x500 data/1-4/metadata.s.o
                0x0800ed58                LineDataE01S04
 data/1-3/metadata.s.o(.text)
 .text          0x0800f258      0x2dc data/1-3/metadata.s.o
                0x0800f258                LineDataE01S03
 data/1-2/metadata.s.o(.text)
 .text          0x0800f534      0x4f4 data/1-2/metadata.s.o
                0x0800f534                LineDataE01S02
 data/1-1/metadata.s.o(.text)
 .text          0x0800fa28      0x130 data/1-1/metadata.s.o
                0x0800fa28                LineDataE01S01
 data/1-8/metadata.s.o(.text)
 .text          0x0800fb58      0x424 data/1-8/metadata.s.o
                0x0800fb58                LineDataE01S08
 asm/audio0.s.o(.text)
 .text          0x0800ff7c    0x30d9c asm/audio0.s.o
                0x08040cc4                dword_8040CC4
 asm/dump/8040d18/8040d18-creditsFrontendHandler.s.o(.text)
 .text          0x08040d18      0x360 asm/dump/8040d18/8040d18-creditsFrontendHandler.s.o
                0x08040d18                creditsFrontendHandler
 asm/dump/8040d18/8041078.s.o(.text)
 .text          0x08041078       0x3c asm/dump/8040d18/8041078.s.o
                0x08041078                sub_8041078
 asm/dump/8040d18/80410b4-displayFrontendLevel.s.o(.text)
 .text          0x080410b4       0xd4 asm/dump/8040d18/80410b4-displayFrontendLevel.s.o
                0x080410b4                displayFrontendLevel
 asm/dump/8040d18/8041188.s.o(.text)
 .text          0x08041188      0x100 asm/dump/8040d18/8041188.s.o
                0x08041188                sub_8041188
 asm/dump/8040d18/8041288.s.o(.text)
 .text          0x08041288       0x9c asm/dump/8040d18/8041288.s.o
                0x08041288                sub_8041288
 asm/dump/8040d18/8041324.s.o(.text)
 .text          0x08041324       0x20 asm/dump/8040d18/8041324.s.o
                0x08041324                sub_8041324
 asm/dump/8040d18/8041344.s.o(.text)
 .text          0x08041344       0x20 asm/dump/8040d18/8041344.s.o
                0x08041344                sub_8041344
 asm/dump/8040d18/8041364.s.o(.text)
 .text          0x08041364       0x2c asm/dump/8040d18/8041364.s.o
                0x08041364                sub_8041364
 asm/dump/8040d18/8041390.s.o(.text)
 .text          0x08041390       0x6c asm/dump/8040d18/8041390.s.o
                0x08041390                sub_8041390
 asm/dump/8040d18/80413fc.s.o(.text)
 .text          0x080413fc      0xaa4 asm/dump/8040d18/80413fc.s.o
                0x080413fc                sub_80413FC
 asm/dump/8040d18/8041ea0-teletypeDefaultUserCodeHandler.s.o(.text)
 .text          0x08041ea0      0x224 asm/dump/8040d18/8041ea0-teletypeDefaultUserCodeHandler.s.o
                0x08041ea0                teletypeDefaultUserCodeHandler
 asm/dump/8040d18/80420c4.s.o(.text)
 .text          0x080420c4      0x4b8 asm/dump/8040d18/80420c4.s.o
                0x080420c4                sub_80420C4
 asm/dump/8040d18/804257c.s.o(.text)
 .text          0x0804257c      0x268 asm/dump/8040d18/804257c.s.o
                0x0804257c                sub_804257C
 asm/dump/8040d18/80427e4-collectionListFrontendHandler.s.o(.text)
 .text          0x080427e4      0xa04 asm/dump/8040d18/80427e4-collectionListFrontendHandler.s.o
                0x080427e4                collectionListFrontendHandler
 asm/dump/8040d18/80431e8.s.o(.text)
 .text          0x080431e8       0x54 asm/dump/8040d18/80431e8.s.o
                0x080431e8                sub_80431E8
 asm/dump/8040d18/804323c-profile.s.o(.text)
 .text          0x0804323c      0x134 asm/dump/8040d18/804323c-profile.s.o
                0x0804323c                profile
 asm/dump/8040d18/8043370.s.o(.text)
 .text          0x08043370      0x17c asm/dump/8040d18/8043370.s.o
                0x08043370                sub_8043370
 asm/dump/8040d18/80434ec.s.o(.text)
 .text          0x080434ec       0x6c asm/dump/8040d18/80434ec.s.o
                0x080434ec                sub_80434EC
 asm/dump/8040d18/8043558.s.o(.text)
 .text          0x08043558       0xac asm/dump/8040d18/8043558.s.o
                0x08043558                sub_8043558
 asm/dump/8040d18/8043604.s.o(.text)
 .text          0x08043604       0xac asm/dump/8040d18/8043604.s.o
                0x08043604                sub_8043604
 asm/dump/8040d18/80436b0.s.o(.text)
 .text          0x080436b0       0x70 asm/dump/8040d18/80436b0.s.o
                0x080436b0                sub_80436B0
 asm/dump/8040d18/8043720.s.o(.text)
 .text          0x08043720       0x2c asm/dump/8040d18/8043720.s.o
                0x08043720                sub_8043720
 asm/dump/8040d18/804374c.s.o(.text)
 .text          0x0804374c      0x110 asm/dump/8040d18/804374c.s.o
                0x0804374c                sub_804374C
 asm/dump/8040d18/804385c.s.o(.text)
 .text          0x0804385c       0x70 asm/dump/8040d18/804385c.s.o
                0x0804385c                sub_804385C
 asm/dump/8040d18/80438cc.s.o(.text)
 .text          0x080438cc       0x70 asm/dump/8040d18/80438cc.s.o
                0x080438cc                sub_80438CC
 asm/dump/8040d18/804393c.s.o(.text)
 .text          0x0804393c       0x24 asm/dump/8040d18/804393c.s.o
                0x0804393c                sub_804393C
 asm/dump/8040d18/8043960.s.o(.text)
 .text          0x08043960       0x10 asm/dump/8040d18/8043960.s.o
                0x08043960                sub_8043960
 asm/dump/8040d18/8043970.s.o(.text)
 .text          0x08043970       0x30 asm/dump/8040d18/8043970.s.o
                0x08043970                sub_8043970
 asm/dump/8040d18/80439a0.s.o(.text)
 .text          0x080439a0       0x54 asm/dump/8040d18/80439a0.s.o
                0x080439a0                sub_80439A0
 asm/dump/8040d18/80439f4.s.o(.text)
 .text          0x080439f4       0x18 asm/dump/8040d18/80439f4.s.o
                0x080439f4                sub_80439F4
 asm/dump/8040d18/8043a0c.s.o(.text)
 .text          0x08043a0c       0x4c asm/dump/8040d18/8043a0c.s.o
                0x08043a0c                sub_8043A0C
 asm/dump/8040d18/8043a58.s.o(.text)
 .text          0x08043a58       0x48 asm/dump/8040d18/8043a58.s.o
                0x08043a58                sub_8043A58
 asm/dump/8040d18/8043aa0.s.o(.text)
 .text          0x08043aa0      0x258 asm/dump/8040d18/8043aa0.s.o
                0x08043aa0                sub_8043AA0
 asm/dump/8040d18/8043cf8.s.o(.text)
 .text          0x08043cf8       0x8c asm/dump/8040d18/8043cf8.s.o
                0x08043cf8                sub_8043CF8
 asm/dump/8040d18/8043d84.s.o(.text)
 .text          0x08043d84       0x34 asm/dump/8040d18/8043d84.s.o
                0x08043d84                sub_8043D84
 asm/dump/8040d18/8043db8.s.o(.text)
 .text          0x08043db8      0x188 asm/dump/8040d18/8043db8.s.o
                0x08043db8                sub_8043DB8
 asm/dump/8040d18/8043f40.s.o(.text)
 .text          0x08043f40      0x114 asm/dump/8040d18/8043f40.s.o
                0x08043f40                sub_8043F40
 asm/dump/8040d18/8044054.s.o(.text)
 .text          0x08044054      0x1e8 asm/dump/8040d18/8044054.s.o
                0x08044054                sub_8044054
 asm/dump/8040d18/804423c.s.o(.text)
 .text          0x0804423c       0xd8 asm/dump/8040d18/804423c.s.o
                0x0804423c                sub_804423C
 asm/dump/8040d18/8044314.s.o(.text)
 .text          0x08044314      0x138 asm/dump/8040d18/8044314.s.o
                0x08044314                sub_8044314
 asm/dump/8040d18/804444c.s.o(.text)
 .text          0x0804444c      0x4a8 asm/dump/8040d18/804444c.s.o
                0x0804444c                sub_804444C
 asm/dump/8040d18/80448f4.s.o(.text)
 .text          0x080448f4      0x354 asm/dump/8040d18/80448f4.s.o
                0x080448f4                sub_80448F4
 asm/dump/8040d18/8044c48.s.o(.text)
 .text          0x08044c48      0x28c asm/dump/8040d18/8044c48.s.o
                0x08044c48                sub_8044C48
 asm/dump/8040d18/8044ed4.s.o(.text)
 .text          0x08044ed4      0x28c asm/dump/8040d18/8044ed4.s.o
                0x08044ed4                sub_8044ED4
 asm/dump/8040d18/8045160.s.o(.text)
 .text          0x08045160      0x278 asm/dump/8040d18/8045160.s.o
                0x08045160                sub_8045160
 asm/dump/8040d18/80453d8.s.o(.text)
 .text          0x080453d8       0x44 asm/dump/8040d18/80453d8.s.o
                0x080453d8                sub_80453D8
 asm/dump/8040d18/804541c.s.o(.text)
 .text          0x0804541c      0x21c asm/dump/8040d18/804541c.s.o
                0x0804541c                sub_804541C
 asm/dump/8040d18/8045638.s.o(.text)
 .text          0x08045638       0x34 asm/dump/8040d18/8045638.s.o
                0x08045638                sub_8045638
 asm/dump/8040d18/804566c.s.o(.text)
 .text          0x0804566c       0x20 asm/dump/8040d18/804566c.s.o
                0x0804566c                sub_804566C
 asm/dump/8040d18/804568c.s.o(.text)
 .text          0x0804568c      0x1bc asm/dump/8040d18/804568c.s.o
                0x0804568c                sub_804568C
 asm/dump/8040d18/8045848.s.o(.text)
 .text          0x08045848      0x234 asm/dump/8040d18/8045848.s.o
                0x08045848                sub_8045848
 asm/dump/8040d18/8045a7c.s.o(.text)
 .text          0x08045a7c      0x238 asm/dump/8040d18/8045a7c.s.o
                0x08045a7c                sub_8045A7C
 asm/dump/8040d18/8045cb4.s.o(.text)
 .text          0x08045cb4      0x524 asm/dump/8040d18/8045cb4.s.o
                0x08045cb4                sub_8045CB4
 asm/dump/8040d18/80461d8.s.o(.text)
 .text          0x080461d8      0x24c asm/dump/8040d18/80461d8.s.o
                0x080461d8                sub_80461D8
 asm/dump/8040d18/8046424.s.o(.text)
 .text          0x08046424       0x44 asm/dump/8040d18/8046424.s.o
                0x08046424                sub_8046424
 asm/dump/8040d18/8046468.s.o(.text)
 .text          0x08046468       0x58 asm/dump/8040d18/8046468.s.o
                0x08046468                sub_8046468
 asm/dump/8040d18/80464c0.s.o(.text)
 .text          0x080464c0       0x40 asm/dump/8040d18/80464c0.s.o
                0x080464c0                sub_80464C0
 asm/dump/8040d18/8046500.s.o(.text)
 .text          0x08046500      0x314 asm/dump/8040d18/8046500.s.o
                0x08046500                sub_8046500
 asm/dump/8040d18/8046814.s.o(.text)
 .text          0x08046814      0x1f8 asm/dump/8040d18/8046814.s.o
                0x08046814                sub_8046814
 asm/dump/8040d18/8046a0c.s.o(.text)
 .text          0x08046a0c      0x188 asm/dump/8040d18/8046a0c.s.o
                0x08046a0c                sub_8046A0C
 asm/dump/8040d18/8046b94.s.o(.text)
 .text          0x08046b94      0x130 asm/dump/8040d18/8046b94.s.o
                0x08046b94                sub_8046B94
 asm/dump/8040d18/8046cc4.s.o(.text)
 .text          0x08046cc4      0x268 asm/dump/8040d18/8046cc4.s.o
                0x08046cc4                sub_8046CC4
 asm/dump/8040d18/8046f2c-initBBCollectionSprite.s.o(.text)
 .text          0x08046f2c      0x110 asm/dump/8040d18/8046f2c-initBBCollectionSprite.s.o
                0x08046f2c                initBBCollectionSprite
 asm/dump/8040d18/804703c.s.o(.text)
 .text          0x0804703c       0x44 asm/dump/8040d18/804703c.s.o
                0x0804703c                sub_804703C
 asm/dump/8040d18/8047080.s.o(.text)
 .text          0x08047080       0x48 asm/dump/8040d18/8047080.s.o
                0x08047080                sub_8047080
 asm/dump/8040d18/80470c8.s.o(.text)
 .text          0x080470c8       0x64 asm/dump/8040d18/80470c8.s.o
                0x080470c8                sub_80470C8
 asm/dump/8040d18/804712c.s.o(.text)
 .text          0x0804712c      0x368 asm/dump/8040d18/804712c.s.o
                0x0804712c                sub_804712C
 asm/dump/8040d18/8047494.s.o(.text)
 .text          0x08047494      0x14c asm/dump/8040d18/8047494.s.o
                0x08047494                sub_8047494
 asm/dump/8040d18/80475e0-selectBladeFrontendHandler.s.o(.text)
 .text          0x080475e0      0x87c asm/dump/8040d18/80475e0-selectBladeFrontendHandler.s.o
                0x080475e0                selectBladeFrontendHandler
 asm/dump/8040d18/8047e5c.s.o(.text)
 .text          0x08047e5c      0x290 asm/dump/8040d18/8047e5c.s.o
                0x08047e5c                sub_8047E5C
 asm/dump/8040d18/80480ec.s.o(.text)
 .text          0x080480ec      0x224 asm/dump/8040d18/80480ec.s.o
                0x080480ec                sub_80480EC
 asm/dump/8040d18/8048310.s.o(.text)
 .text          0x08048310      0x37c asm/dump/8040d18/8048310.s.o
                0x08048310                sub_8048310
 asm/dump/8040d18/804868c.s.o(.text)
 .text          0x0804868c      0x3e8 asm/dump/8040d18/804868c.s.o
                0x0804868c                sub_804868C
 asm/dump/8040d18/8048a74.s.o(.text)
 .text          0x08048a74       0x74 asm/dump/8040d18/8048a74.s.o
                0x08048a74                sub_8048A74
 asm/dump/8040d18/8048ae8.s.o(.text)
 .text          0x08048ae8      0x2a4 asm/dump/8040d18/8048ae8.s.o
                0x08048ae8                sub_8048AE8
 asm/dump/8040d18/8048d8c.s.o(.text)
 .text          0x08048d8c      0x1f4 asm/dump/8040d18/8048d8c.s.o
                0x08048d8c                sub_8048D8C
 asm/dump/8040d18/8048f80.s.o(.text)
 .text          0x08048f80       0x34 asm/dump/8040d18/8048f80.s.o
                0x08048f80                sub_8048F80
 asm/dump/8040d18/8048fb4.s.o(.text)
 .text          0x08048fb4       0x10 asm/dump/8040d18/8048fb4.s.o
                0x08048fb4                sub_8048FB4
 asm/dump/8040d18/8048fc4-nullsub_38.s.o(.text)
 .text          0x08048fc4        0x4 asm/dump/8040d18/8048fc4-nullsub_38.s.o
                0x08048fc4                nullsub_38
 asm/dump/8040d18/8048fc8-nullsub_33.s.o(.text)
 .text          0x08048fc8        0x4 asm/dump/8040d18/8048fc8-nullsub_33.s.o
                0x08048fc8                nullsub_33
 asm/dump/8040d18/8048fcc.s.o(.text)
 .text          0x08048fcc        0x8 asm/dump/8040d18/8048fcc.s.o
                0x08048fcc                sub_8048FCC
 asm/dump/8040d18/8048fd4.s.o(.text)
 .text          0x08048fd4       0x10 asm/dump/8040d18/8048fd4.s.o
                0x08048fd4                sub_8048FD4
 asm/dump/8040d18/8048fe4.s.o(.text)
 .text          0x08048fe4       0x18 asm/dump/8040d18/8048fe4.s.o
                0x08048fe4                sub_8048FE4
 asm/dump/8040d18/8048ffc.s.o(.text)
 .text          0x08048ffc       0x1c asm/dump/8040d18/8048ffc.s.o
                0x08048ffc                sub_8048FFC
 asm/dump/8040d18/8049018.s.o(.text)
 .text          0x08049018       0x24 asm/dump/8040d18/8049018.s.o
                0x08049018                sub_8049018
 asm/dump/8040d18/804903c.s.o(.text)
 .text          0x0804903c       0x38 asm/dump/8040d18/804903c.s.o
                0x0804903c                sub_804903C
 asm/dump/8040d18/8049074.s.o(.text)
 .text          0x08049074       0x58 asm/dump/8040d18/8049074.s.o
                0x08049074                sub_8049074
 asm/dump/8040d18/80490cc.s.o(.text)
 .text          0x080490cc       0x2c asm/dump/8040d18/80490cc.s.o
                0x080490cc                sub_80490CC
 asm/dump/8040d18/80490f8.s.o(.text)
 .text          0x080490f8       0x64 asm/dump/8040d18/80490f8.s.o
                0x080490f8                sub_80490F8
 asm/dump/8040d18/804915c.s.o(.text)
 .text          0x0804915c        0xc asm/dump/8040d18/804915c.s.o
                0x0804915c                sub_804915C
 asm/dump/8040d18/8049168.s.o(.text)
 .text          0x08049168       0x10 asm/dump/8040d18/8049168.s.o
                0x08049168                sub_8049168
 asm/dump/8040d18/8049178.s.o(.text)
 .text          0x08049178       0x4c asm/dump/8040d18/8049178.s.o
                0x08049178                sub_8049178
 asm/dump/8040d18/80491c4.s.o(.text)
 .text          0x080491c4       0x1c asm/dump/8040d18/80491c4.s.o
                0x080491c4                sub_80491C4
 asm/dump/8040d18/80491e0.s.o(.text)
 .text          0x080491e0       0x30 asm/dump/8040d18/80491e0.s.o
                0x080491e0                sub_80491E0
 asm/dump/8040d18/8049210.s.o(.text)
 .text          0x08049210       0x24 asm/dump/8040d18/8049210.s.o
                0x08049210                sub_8049210
 asm/dump/8040d18/8049234.s.o(.text)
 .text          0x08049234        0xc asm/dump/8040d18/8049234.s.o
                0x08049234                sub_8049234
 asm/dump/8040d18/8049240.s.o(.text)
 .text          0x08049240        0xc asm/dump/8040d18/8049240.s.o
                0x08049240                sub_8049240
 asm/dump/8040d18/804924c.s.o(.text)
 .text          0x0804924c        0xc asm/dump/8040d18/804924c.s.o
                0x0804924c                sub_804924C
 asm/dump/8040d18/8049258.s.o(.text)
 .text          0x08049258        0xc asm/dump/8040d18/8049258.s.o
                0x08049258                sub_8049258
 asm/dump/8040d18/8049264.s.o(.text)
 .text          0x08049264       0xbc asm/dump/8040d18/8049264.s.o
                0x08049264                sub_8049264
 asm/dump/8040d18/8049320-StoreFunction.s.o(.text)
 .text          0x08049320       0x10 asm/dump/8040d18/8049320-StoreFunction.s.o
                0x08049320                StoreFunction
 asm/dump/8040d18/8049330.s.o(.text)
 .text          0x08049330       0x14 asm/dump/8040d18/8049330.s.o
                0x08049330                sub_8049330
 asm/dump/8040d18/8049344.s.o(.text)
 .text          0x08049344       0x84 asm/dump/8040d18/8049344.s.o
                0x08049344                sub_8049344
 asm/dump/8040d18/80493c8.s.o(.text)
 .text          0x080493c8       0x90 asm/dump/8040d18/80493c8.s.o
                0x080493c8                sub_80493C8
 asm/dump/8040d18/8049458.s.o(.text)
 .text          0x08049458      0x16c asm/dump/8040d18/8049458.s.o
                0x08049458                sub_8049458
 asm/dump/8040d18/80495c4.s.o(.text)
 .text          0x080495c4       0xb8 asm/dump/8040d18/80495c4.s.o
                0x080495c4                sub_80495C4
 asm/dump/8040d18/804967c.s.o(.text)
 .text          0x0804967c      0x25c asm/dump/8040d18/804967c.s.o
                0x0804967c                sub_804967C
 asm/dump/8040d18/80498d8.s.o(.text)
 .text          0x080498d8       0x20 asm/dump/8040d18/80498d8.s.o
                0x080498d8                sub_80498D8
 asm/dump/8040d18/80498f8.s.o(.text)
 .text          0x080498f8       0x58 asm/dump/8040d18/80498f8.s.o
                0x080498f8                sub_80498F8
 asm/dump/8040d18/8049950.s.o(.text)
 .text          0x08049950       0x6c asm/dump/8040d18/8049950.s.o
                0x08049950                sub_8049950
 asm/dump/8040d18/80499bc.s.o(.text)
 .text          0x080499bc       0x68 asm/dump/8040d18/80499bc.s.o
                0x080499bc                sub_80499BC
 asm/dump/8040d18/8049a24.s.o(.text)
 .text          0x08049a24       0x60 asm/dump/8040d18/8049a24.s.o
                0x08049a24                sub_8049A24
 asm/dump/8040d18/8049a84.s.o(.text)
 .text          0x08049a84       0x74 asm/dump/8040d18/8049a84.s.o
                0x08049a84                sub_8049A84
 asm/dump/8040d18/8049af8.s.o(.text)
 .text          0x08049af8       0x70 asm/dump/8040d18/8049af8.s.o
                0x08049af8                sub_8049AF8
 asm/dump/8040d18/8049b68.s.o(.text)
 .text          0x08049b68       0x90 asm/dump/8040d18/8049b68.s.o
                0x08049b68                sub_8049B68
 asm/dump/8040d18/8049bf8.s.o(.text)
 .text          0x08049bf8       0x78 asm/dump/8040d18/8049bf8.s.o
                0x08049bf8                sub_8049BF8
 asm/dump/8040d18/8049c70.s.o(.text)
 .text          0x08049c70       0x78 asm/dump/8040d18/8049c70.s.o
                0x08049c70                sub_8049C70
 asm/dump/8040d18/8049ce8.s.o(.text)
 .text          0x08049ce8       0xf8 asm/dump/8040d18/8049ce8.s.o
                0x08049ce8                sub_8049CE8
 asm/dump/8040d18/8049de0.s.o(.text)
 .text          0x08049de0      0x178 asm/dump/8040d18/8049de0.s.o
                0x08049de0                sub_8049DE0
 asm/dump/8040d18/8049f58.s.o(.text)
 .text          0x08049f58       0x44 asm/dump/8040d18/8049f58.s.o
                0x08049f58                sub_8049F58
 asm/dump/8040d18/8049f9c.s.o(.text)
 .text          0x08049f9c       0x5c asm/dump/8040d18/8049f9c.s.o
                0x08049f9c                sub_8049F9C
 asm/dump/8040d18/8049ff8.s.o(.text)
 .text          0x08049ff8       0xe8 asm/dump/8040d18/8049ff8.s.o
                0x08049ff8                sub_8049FF8
 asm/dump/8040d18/804a0e0.s.o(.text)
 .text          0x0804a0e0       0x30 asm/dump/8040d18/804a0e0.s.o
                0x0804a0e0                sub_804A0E0
 asm/dump/8040d18/804a110.s.o(.text)
 .text          0x0804a110       0xd4 asm/dump/8040d18/804a110.s.o
                0x0804a110                sub_804A110
 asm/dump/8040d18/804a1e4.s.o(.text)
 .text          0x0804a1e4       0x50 asm/dump/8040d18/804a1e4.s.o
                0x0804a1e4                sub_804A1E4
 asm/dump/8040d18/804a234.s.o(.text)
 .text          0x0804a234       0x38 asm/dump/8040d18/804a234.s.o
                0x0804a234                sub_804A234
 asm/dump/8040d18/804a26c.s.o(.text)
 .text          0x0804a26c       0x14 asm/dump/8040d18/804a26c.s.o
                0x0804a26c                sub_804A26C
 asm/dump/8040d18/804a280.s.o(.text)
 .text          0x0804a280       0x70 asm/dump/8040d18/804a280.s.o
                0x0804a280                sub_804A280
 asm/dump/8040d18/804a2f0.s.o(.text)
 .text          0x0804a2f0       0x10 asm/dump/8040d18/804a2f0.s.o
                0x0804a2f0                sub_804A2F0
 asm/dump/8040d18/804a300.s.o(.text)
 .text          0x0804a300       0x10 asm/dump/8040d18/804a300.s.o
                0x0804a300                sub_804A300
 asm/dump/8040d18/804a310.s.o(.text)
 .text          0x0804a310       0x10 asm/dump/8040d18/804a310.s.o
                0x0804a310                sub_804A310
 asm/dump/8040d18/804a320.s.o(.text)
 .text          0x0804a320       0x10 asm/dump/8040d18/804a320.s.o
                0x0804a320                sub_804A320
 asm/dump/8040d18/804a330.s.o(.text)
 .text          0x0804a330        0xc asm/dump/8040d18/804a330.s.o
                0x0804a330                sub_804A330
 asm/dump/8040d18/804a33c.s.o(.text)
 .text          0x0804a33c        0xc asm/dump/8040d18/804a33c.s.o
                0x0804a33c                sub_804A33C
 asm/dump/8040d18/804a348.s.o(.text)
 .text          0x0804a348       0x10 asm/dump/8040d18/804a348.s.o
                0x0804a348                sub_804A348
 asm/dump/8040d18/804a358-StoreLevelVar14.s.o(.text)
 .text          0x0804a358        0xc asm/dump/8040d18/804a358-StoreLevelVar14.s.o
                0x0804a358                StoreLevelVar14
 asm/dump/8040d18/804a364.s.o(.text)
 .text          0x0804a364       0x14 asm/dump/8040d18/804a364.s.o
                0x0804a364                sub_804A364
 asm/dump/8040d18/804a378.s.o(.text)
 .text          0x0804a378       0x10 asm/dump/8040d18/804a378.s.o
                0x0804a378                sub_804A378
 asm/dump/804a388-tutorial/804a388-initTutorialManagement.s.o(.text)
 .text          0x0804a388      0x100 asm/dump/804a388-tutorial/804a388-initTutorialManagement.s.o
                0x0804a388                initTutorialManagement
 asm/dump/804a388-tutorial/804a488-turorial_804A488.s.o(.text)
 .text          0x0804a488       0x7c asm/dump/804a388-tutorial/804a488-turorial_804A488.s.o
                0x0804a488                turorial_804A488
 asm/dump/804a388-tutorial/804a504.s.o(.text)
 .text          0x0804a504       0x18 asm/dump/804a388-tutorial/804a504.s.o
                0x0804a504                sub_804A504
 asm/dump/804a388-tutorial/804a51c.s.o(.text)
 .text          0x0804a51c       0x34 asm/dump/804a388-tutorial/804a51c.s.o
                0x0804a51c                sub_804A51C
 asm/dump/804a388-tutorial/804a550.s.o(.text)
 .text          0x0804a550      0x1dc asm/dump/804a388-tutorial/804a550.s.o
                0x0804a550                sub_804A550
 asm/dump/804a388-tutorial/804a72c.s.o(.text)
 .text          0x0804a72c       0x18 asm/dump/804a388-tutorial/804a72c.s.o
                0x0804a72c                sub_804A72C
 asm/dump/804a388-tutorial/804a744.s.o(.text)
 .text          0x0804a744       0xa4 asm/dump/804a388-tutorial/804a744.s.o
                0x0804a744                sub_804A744
 asm/dump/804a388-tutorial/804a7e8.s.o(.text)
 .text          0x0804a7e8       0x10 asm/dump/804a388-tutorial/804a7e8.s.o
                0x0804a7e8                sub_804A7E8
 asm/dump/804a388-tutorial/804a7f8.s.o(.text)
 .text          0x0804a7f8       0x28 asm/dump/804a388-tutorial/804a7f8.s.o
                0x0804a7f8                sub_804A7F8
 asm/dump/804a388-tutorial/804a820-nullsub_32.s.o(.text)
 .text          0x0804a820        0x4 asm/dump/804a388-tutorial/804a820-nullsub_32.s.o
                0x0804a820                nullsub_32
 asm/dump/804a388-tutorial/804a824.s.o(.text)
 .text          0x0804a824        0xc asm/dump/804a388-tutorial/804a824.s.o
                0x0804a824                sub_804A824
 asm/dump/804a388-tutorial/804a830.s.o(.text)
 .text          0x0804a830        0x8 asm/dump/804a388-tutorial/804a830.s.o
                0x0804a830                sub_804A830
 asm/dump/804a388-tutorial/804a838-newSpriteTrail.s.o(.text)
 .text          0x0804a838       0xd0 asm/dump/804a388-tutorial/804a838-newSpriteTrail.s.o
                0x0804a838                newSpriteTrail
 asm/dump/804a388-tutorial/804a908.s.o(.text)
 .text          0x0804a908      0x248 asm/dump/804a388-tutorial/804a908.s.o
                0x0804a908                sub_804A908
 asm/dump/804a388-tutorial/804ab50.s.o(.text)
 .text          0x0804ab50       0x10 asm/dump/804a388-tutorial/804ab50.s.o
                0x0804ab50                sub_804AB50
 asm/dump/804a388-tutorial/804ab60-nullsub_39.s.o(.text)
 .text          0x0804ab60        0x4 asm/dump/804a388-tutorial/804ab60-nullsub_39.s.o
                0x0804ab60                nullsub_39
 asm/dump/804a388-tutorial/804ab64.s.o(.text)
 .text          0x0804ab64       0x24 asm/dump/804a388-tutorial/804ab64.s.o
                0x0804ab64                sub_804AB64
 asm/dump/804a388-tutorial/804ab88.s.o(.text)
 .text          0x0804ab88       0x48 asm/dump/804a388-tutorial/804ab88.s.o
                0x0804ab88                sub_804AB88
 asm/dump/804a388-tutorial/804abd0.s.o(.text)
 .text          0x0804abd0        0x8 asm/dump/804a388-tutorial/804abd0.s.o
                0x0804abd0                sub_804ABD0
 asm/dump/804a388-tutorial/804abd8.s.o(.text)
 .text          0x0804abd8        0xc asm/dump/804a388-tutorial/804abd8.s.o
                0x0804abd8                sub_804ABD8
 asm/dump/804a388-tutorial/804abe4.s.o(.text)
 .text          0x0804abe4       0x18 asm/dump/804a388-tutorial/804abe4.s.o
                0x0804abe4                sub_804ABE4
 asm/dump/804a388-tutorial/804abfc.s.o(.text)
 .text          0x0804abfc       0xf4 asm/dump/804a388-tutorial/804abfc.s.o
                0x0804abfc                sub_804ABFC
 asm/dump/804a388-tutorial/804acf0.s.o(.text)
 .text          0x0804acf0       0x38 asm/dump/804a388-tutorial/804acf0.s.o
                0x0804acf0                sub_804ACF0
 asm/dump/804a388-tutorial/804ad28.s.o(.text)
 .text          0x0804ad28       0x1c asm/dump/804a388-tutorial/804ad28.s.o
                0x0804ad28                sub_804AD28
 asm/dump/804a388-tutorial/804ad44.s.o(.text)
 .text          0x0804ad44        0xc asm/dump/804a388-tutorial/804ad44.s.o
                0x0804ad44                sub_804AD44
 asm/dump/804a388-tutorial/804ad50.s.o(.text)
 .text          0x0804ad50       0x10 asm/dump/804a388-tutorial/804ad50.s.o
                0x0804ad50                sub_804AD50
 asm/dump/804a388-tutorial/804ad60.s.o(.text)
 .text          0x0804ad60       0x14 asm/dump/804a388-tutorial/804ad60.s.o
                0x0804ad60                sub_804AD60
 asm/dump/804a388-tutorial/804ad74.s.o(.text)
 .text          0x0804ad74       0xbc asm/dump/804a388-tutorial/804ad74.s.o
                0x0804ad74                sub_804AD74
 asm/dump/804a388-tutorial/804ae30-nullsub_40.s.o(.text)
 .text          0x0804ae30        0x4 asm/dump/804a388-tutorial/804ae30-nullsub_40.s.o
                0x0804ae30                nullsub_40
 asm/dump/804a388-tutorial/804ae34.s.o(.text)
 .text          0x0804ae34       0x58 asm/dump/804a388-tutorial/804ae34.s.o
                0x0804ae34                sub_804AE34
 asm/dump/804a388-tutorial/804ae8c.s.o(.text)
 .text          0x0804ae8c       0x40 asm/dump/804a388-tutorial/804ae8c.s.o
                0x0804ae8c                sub_804AE8C
 asm/dump/804a388-tutorial/804aecc.s.o(.text)
 .text          0x0804aecc       0x38 asm/dump/804a388-tutorial/804aecc.s.o
                0x0804aecc                sub_804AECC
 asm/dump/804a388-tutorial/804af04.s.o(.text)
 .text          0x0804af04       0x58 asm/dump/804a388-tutorial/804af04.s.o
                0x0804af04                sub_804AF04
 asm/dump/804a388-tutorial/804af5c.s.o(.text)
 .text          0x0804af5c       0x40 asm/dump/804a388-tutorial/804af5c.s.o
                0x0804af5c                sub_804AF5C
 asm/dump/804a388-tutorial/804af9c.s.o(.text)
 .text          0x0804af9c       0x1c asm/dump/804a388-tutorial/804af9c.s.o
                0x0804af9c                sub_804AF9C
 asm/dump/804a388-tutorial/804afb8.s.o(.text)
 .text          0x0804afb8       0x1c asm/dump/804a388-tutorial/804afb8.s.o
                0x0804afb8                sub_804AFB8
 asm/dump/804a388-tutorial/804afd4.s.o(.text)
 .text          0x0804afd4       0x38 asm/dump/804a388-tutorial/804afd4.s.o
                0x0804afd4                sub_804AFD4
 asm/dump/804a388-tutorial/804b00c.s.o(.text)
 .text          0x0804b00c       0x38 asm/dump/804a388-tutorial/804b00c.s.o
                0x0804b00c                sub_804B00C
 asm/dump/804a388-tutorial/804b044.s.o(.text)
 .text          0x0804b044       0x1c asm/dump/804a388-tutorial/804b044.s.o
                0x0804b044                sub_804B044
 asm/dump/804a388-tutorial/804b060.s.o(.text)
 .text          0x0804b060       0x1c asm/dump/804a388-tutorial/804b060.s.o
                0x0804b060                sub_804B060
 asm/dump/804a388-tutorial/804b07c-initRider.s.o(.text)
 .text          0x0804b07c      0x250 asm/dump/804a388-tutorial/804b07c-initRider.s.o
                0x0804b07c                initRider
 asm/dump/804a388-tutorial/804b2cc-processRiderMetadata.s.o(.text)
 .text          0x0804b2cc      0x1d8 asm/dump/804a388-tutorial/804b2cc-processRiderMetadata.s.o
                0x0804b2cc                processRiderMetadata
 asm/dump/804a388-tutorial/804b4a4.s.o(.text)
 .text          0x0804b4a4       0x58 asm/dump/804a388-tutorial/804b4a4.s.o
                0x0804b4a4                sub_804B4A4
 asm/dump/804a388-tutorial/804b4fc.s.o(.text)
 .text          0x0804b4fc       0xc4 asm/dump/804a388-tutorial/804b4fc.s.o
                0x0804b4fc                sub_804B4FC
 asm/dump/804a388-tutorial/804b5c0.s.o(.text)
 .text          0x0804b5c0       0x60 asm/dump/804a388-tutorial/804b5c0.s.o
                0x0804b5c0                sub_804B5C0
 asm/dump/804a388-tutorial/804b620-nullsub_1.s.o(.text)
 .text          0x0804b620        0x4 asm/dump/804a388-tutorial/804b620-nullsub_1.s.o
                0x0804b620                nullsub_1
 asm/dump/804a388-tutorial/804b624.s.o(.text)
 .text          0x0804b624      0x130 asm/dump/804a388-tutorial/804b624.s.o
                0x0804b624                sub_804B624
 asm/dump/804a388-tutorial/804b754.s.o(.text)
 .text          0x0804b754       0xa8 asm/dump/804a388-tutorial/804b754.s.o
                0x0804b754                sub_804B754
 asm/dump/804a388-tutorial/804b7fc.s.o(.text)
 .text          0x0804b7fc       0xf4 asm/dump/804a388-tutorial/804b7fc.s.o
                0x0804b7fc                sub_804B7FC
 asm/dump/804a388-tutorial/804b8f0.s.o(.text)
 .text          0x0804b8f0      0x300 asm/dump/804a388-tutorial/804b8f0.s.o
                0x0804b8f0                sub_804B8F0
 asm/dump/804a388-tutorial/804bbf0-renderRider.s.o(.text)
 .text          0x0804bbf0      0x2ec asm/dump/804a388-tutorial/804bbf0-renderRider.s.o
                0x0804bbf0                renderRider
 asm/dump/804a388-tutorial/804bedc-allocFXSprite.s.o(.text)
 .text          0x0804bedc       0x60 asm/dump/804a388-tutorial/804bedc-allocFXSprite.s.o
                0x0804bedc                allocFXSprite
 asm/dump/804a388-tutorial/804bf3c.s.o(.text)
 .text          0x0804bf3c      0x15c asm/dump/804a388-tutorial/804bf3c.s.o
                0x0804bf3c                sub_804BF3C
 asm/dump/804a388-tutorial/804c098.s.o(.text)
 .text          0x0804c098       0x28 asm/dump/804a388-tutorial/804c098.s.o
                0x0804c098                sub_804C098
 asm/dump/804a388-tutorial/804c0c0.s.o(.text)
 .text          0x0804c0c0       0x2c asm/dump/804a388-tutorial/804c0c0.s.o
                0x0804c0c0                sub_804C0C0
 asm/dump/804a388-tutorial/804c0ec.s.o(.text)
 .text          0x0804c0ec       0x2c asm/dump/804a388-tutorial/804c0ec.s.o
                0x0804c0ec                sub_804C0EC
 asm/dump/804a388-tutorial/804c118.s.o(.text)
 .text          0x0804c118       0x3c asm/dump/804a388-tutorial/804c118.s.o
                0x0804c118                sub_804C118
 asm/dump/804a388-tutorial/804c154-nullsub_2.s.o(.text)
 .text          0x0804c154        0x4 asm/dump/804a388-tutorial/804c154-nullsub_2.s.o
                0x0804c154                nullsub_2
 asm/dump/804a388-tutorial/804c158-nullsub_3.s.o(.text)
 .text          0x0804c158        0x4 asm/dump/804a388-tutorial/804c158-nullsub_3.s.o
                0x0804c158                nullsub_3
 asm/dump/804a388-tutorial/804c15c-nullsub_4.s.o(.text)
 .text          0x0804c15c        0x4 asm/dump/804a388-tutorial/804c15c-nullsub_4.s.o
                0x0804c15c                nullsub_4
 asm/dump/804a388-tutorial/804c160-newProjectileSystem.s.o(.text)
 .text          0x0804c160       0xa8 asm/dump/804a388-tutorial/804c160-newProjectileSystem.s.o
                0x0804c160                newProjectileSystem
 asm/dump/804a388-tutorial/804c208.s.o(.text)
 .text          0x0804c208      0x144 asm/dump/804a388-tutorial/804c208.s.o
                0x0804c208                sub_804C208
 asm/dump/804a388-tutorial/804c34c.s.o(.text)
 .text          0x0804c34c        0x8 asm/dump/804a388-tutorial/804c34c.s.o
                0x0804c34c                sub_804C34C
 asm/dump/804a388-tutorial/804c354.s.o(.text)
 .text          0x0804c354        0x8 asm/dump/804a388-tutorial/804c354.s.o
                0x0804c354                sub_804C354
 asm/dump/804a388-tutorial/804c35c.s.o(.text)
 .text          0x0804c35c       0x78 asm/dump/804a388-tutorial/804c35c.s.o
                0x0804c35c                sub_804C35C
 asm/dump/804a388-tutorial/804c3d4.s.o(.text)
 .text          0x0804c3d4       0x90 asm/dump/804a388-tutorial/804c3d4.s.o
                0x0804c3d4                sub_804C3D4
 asm/dump/804a388-tutorial/804c464.s.o(.text)
 .text          0x0804c464       0x20 asm/dump/804a388-tutorial/804c464.s.o
                0x0804c464                sub_804C464
 asm/dump/804a388-tutorial/804c484.s.o(.text)
 .text          0x0804c484       0x30 asm/dump/804a388-tutorial/804c484.s.o
                0x0804c484                sub_804C484
 asm/dump/804a388-tutorial/804c4b4-s_rider_804C4B4.s.o(.text)
 .text          0x0804c4b4      0x3bc asm/dump/804a388-tutorial/804c4b4-s_rider_804C4B4.s.o
                0x0804c4b4                s_rider_804C4B4
 asm/dump/804a388-tutorial/804c870.s.o(.text)
 .text          0x0804c870       0x18 asm/dump/804a388-tutorial/804c870.s.o
                0x0804c870                sub_804C870
 asm/dump/804a388-tutorial/804c888.s.o(.text)
 .text          0x0804c888       0x38 asm/dump/804a388-tutorial/804c888.s.o
                0x0804c888                sub_804C888
 asm/dump/804a388-tutorial/804c8c0.s.o(.text)
 .text          0x0804c8c0       0x30 asm/dump/804a388-tutorial/804c8c0.s.o
                0x0804c8c0                sub_804C8C0
 asm/dump/804a388-tutorial/804c8f0-RiderAI_804C8F0.s.o(.text)
 .text          0x0804c8f0      0x218 asm/dump/804a388-tutorial/804c8f0-RiderAI_804C8F0.s.o
                0x0804c8f0                RiderAI_804C8F0
 asm/dump/804a388-tutorial/804cb08.s.o(.text)
 .text          0x0804cb08      0x3ec asm/dump/804a388-tutorial/804cb08.s.o
                0x0804cb08                sub_804CB08
 asm/dump/804a388-tutorial/804cef4.s.o(.text)
 .text          0x0804cef4      0x154 asm/dump/804a388-tutorial/804cef4.s.o
                0x0804cef4                sub_804CEF4
 asm/dump/804a388-tutorial/804d048.s.o(.text)
 .text          0x0804d048       0xbc asm/dump/804a388-tutorial/804d048.s.o
                0x0804d048                sub_804D048
 asm/dump/804a388-tutorial/804d104.s.o(.text)
 .text          0x0804d104        0xc asm/dump/804a388-tutorial/804d104.s.o
                0x0804d104                sub_804D104
 asm/dump/804a388-tutorial/804d110.s.o(.text)
 .text          0x0804d110      0x600 asm/dump/804a388-tutorial/804d110.s.o
                0x0804d110                sub_804D110
 asm/dump/804a388-tutorial/804d710.s.o(.text)
 .text          0x0804d710       0x44 asm/dump/804a388-tutorial/804d710.s.o
                0x0804d710                sub_804D710
 asm/dump/804a388-tutorial/804d754.s.o(.text)
 .text          0x0804d754      0x184 asm/dump/804a388-tutorial/804d754.s.o
                0x0804d754                sub_804D754
 asm/dump/804a388-tutorial/804d8d8.s.o(.text)
 .text          0x0804d8d8      0x16c asm/dump/804a388-tutorial/804d8d8.s.o
                0x0804d8d8                sub_804D8D8
 asm/dump/804a388-tutorial/804da44-nullsub_5.s.o(.text)
 .text          0x0804da44        0x4 asm/dump/804a388-tutorial/804da44-nullsub_5.s.o
                0x0804da44                nullsub_5
 asm/dump/804a388-tutorial/804da48.s.o(.text)
 .text          0x0804da48       0x58 asm/dump/804a388-tutorial/804da48.s.o
                0x0804da48                sub_804DA48
 asm/dump/804a388-tutorial/804daa0.s.o(.text)
 .text          0x0804daa0       0xf4 asm/dump/804a388-tutorial/804daa0.s.o
                0x0804daa0                sub_804DAA0
 asm/dump/804a388-tutorial/804db94-rider_vs_rider_collision_804DB94.s.o(.text)
 .text          0x0804db94      0x264 asm/dump/804a388-tutorial/804db94-rider_vs_rider_collision_804DB94.s.o
                0x0804db94                rider_vs_rider_collision_804DB94
 asm/dump/804a388-tutorial/804ddf8.s.o(.text)
 .text          0x0804ddf8      0x190 asm/dump/804a388-tutorial/804ddf8.s.o
                0x0804ddf8                sub_804DDF8
 asm/dump/804a388-tutorial/804df88.s.o(.text)
 .text          0x0804df88       0x6c asm/dump/804a388-tutorial/804df88.s.o
                0x0804df88                sub_804DF88
 asm/dump/804a388-tutorial/804dff4.s.o(.text)
 .text          0x0804dff4       0x9c asm/dump/804a388-tutorial/804dff4.s.o
                0x0804dff4                sub_804DFF4
 asm/dump/804a388-tutorial/804e090.s.o(.text)
 .text          0x0804e090       0x94 asm/dump/804a388-tutorial/804e090.s.o
                0x0804e090                sub_804E090
 asm/dump/804a388-tutorial/804e124.s.o(.text)
 .text          0x0804e124       0x30 asm/dump/804a388-tutorial/804e124.s.o
                0x0804e124                sub_804E124
 asm/dump/804a388-tutorial/804e154.s.o(.text)
 .text          0x0804e154       0x88 asm/dump/804a388-tutorial/804e154.s.o
                0x0804e154                sub_804E154
 asm/dump/804a388-tutorial/804e1dc.s.o(.text)
 .text          0x0804e1dc       0x20 asm/dump/804a388-tutorial/804e1dc.s.o
                0x0804e1dc                sub_804E1DC
 asm/dump/804a388-tutorial/804e1fc.s.o(.text)
 .text          0x0804e1fc       0x10 asm/dump/804a388-tutorial/804e1fc.s.o
                0x0804e1fc                sub_804E1FC
 asm/dump/804a388-tutorial/804e20c.s.o(.text)
 .text          0x0804e20c       0x18 asm/dump/804a388-tutorial/804e20c.s.o
                0x0804e20c                sub_804E20C
 asm/dump/804a388-tutorial/804e224.s.o(.text)
 .text          0x0804e224       0x34 asm/dump/804a388-tutorial/804e224.s.o
                0x0804e224                sub_804E224
 asm/dump/804a388-tutorial/804e258.s.o(.text)
 .text          0x0804e258       0x4c asm/dump/804a388-tutorial/804e258.s.o
                0x0804e258                sub_804E258
 asm/dump/804a388-tutorial/804e2a4.s.o(.text)
 .text          0x0804e2a4       0x84 asm/dump/804a388-tutorial/804e2a4.s.o
                0x0804e2a4                sub_804E2A4
 asm/dump/804a388-tutorial/804e328.s.o(.text)
 .text          0x0804e328       0x30 asm/dump/804a388-tutorial/804e328.s.o
                0x0804e328                sub_804E328
 asm/dump/804a388-tutorial/804e358.s.o(.text)
 .text          0x0804e358       0x58 asm/dump/804a388-tutorial/804e358.s.o
                0x0804e358                sub_804E358
 asm/dump/804a388-tutorial/804e3b0.s.o(.text)
 .text          0x0804e3b0       0x34 asm/dump/804a388-tutorial/804e3b0.s.o
                0x0804e3b0                sub_804E3B0
 asm/dump/804a388-tutorial/804e3e4-convert3DCoordsto2DCoords.s.o(.text)
 .text          0x0804e3e4       0x1c asm/dump/804a388-tutorial/804e3e4-convert3DCoordsto2DCoords.s.o
                0x0804e3e4                convert3DCoordsto2DCoords
 asm/dump/804a388-tutorial/804e400-SetRiderFlag.s.o(.text)
 .text          0x0804e400        0xc asm/dump/804a388-tutorial/804e400-SetRiderFlag.s.o
                0x0804e400                SetRiderFlag
 asm/dump/804a388-tutorial/804e40c-UnsetRiderFlag.s.o(.text)
 .text          0x0804e40c        0xc asm/dump/804a388-tutorial/804e40c-UnsetRiderFlag.s.o
                0x0804e40c                UnsetRiderFlag
 asm/dump/804a388-tutorial/804e418-RiderHasFlag.s.o(.text)
 .text          0x0804e418       0x14 asm/dump/804a388-tutorial/804e418-RiderHasFlag.s.o
                0x0804e418                RiderHasFlag
 asm/dump/804a388-tutorial/804e42c-RiderHasSomeFlags.s.o(.text)
 .text          0x0804e42c       0x14 asm/dump/804a388-tutorial/804e42c-RiderHasSomeFlags.s.o
                0x0804e42c                RiderHasSomeFlags
 asm/dump/804a388-tutorial/804e440.s.o(.text)
 .text          0x0804e440       0x14 asm/dump/804a388-tutorial/804e440.s.o
                0x0804e440                sub_804E440
 asm/dump/804a388-tutorial/804e454.s.o(.text)
 .text          0x0804e454       0x14 asm/dump/804a388-tutorial/804e454.s.o
                0x0804e454                sub_804E454
 asm/dump/804a388-tutorial/804e468-allocateParticleSystem.s.o(.text)
 .text          0x0804e468       0xc8 asm/dump/804a388-tutorial/804e468-allocateParticleSystem.s.o
                0x0804e468                allocateParticleSystem
 asm/dump/804a388-tutorial/804e530.s.o(.text)
 .text          0x0804e530       0x30 asm/dump/804a388-tutorial/804e530.s.o
                0x0804e530                sub_804E530
 asm/dump/804a388-tutorial/804e560.s.o(.text)
 .text          0x0804e560       0x1c asm/dump/804a388-tutorial/804e560.s.o
                0x0804e560                sub_804E560
 asm/dump/804a388-tutorial/804e57c.s.o(.text)
 .text          0x0804e57c        0x8 asm/dump/804a388-tutorial/804e57c.s.o
                0x0804e57c                sub_804E57C
 asm/dump/804a388-tutorial/804e584.s.o(.text)
 .text          0x0804e584       0x10 asm/dump/804a388-tutorial/804e584.s.o
                0x0804e584                sub_804E584
 asm/dump/804a388-tutorial/804e594.s.o(.text)
 .text          0x0804e594      0x110 asm/dump/804a388-tutorial/804e594.s.o
                0x0804e594                sub_804E594
 asm/dump/804a388-tutorial/804e6a4.s.o(.text)
 .text          0x0804e6a4      0x130 asm/dump/804a388-tutorial/804e6a4.s.o
                0x0804e6a4                sub_804E6A4
 asm/dump/804a388-tutorial/804e7d4.s.o(.text)
 .text          0x0804e7d4      0x13c asm/dump/804a388-tutorial/804e7d4.s.o
                0x0804e7d4                sub_804E7D4
 asm/dump/804a388-tutorial/804e910.s.o(.text)
 .text          0x0804e910      0x178 asm/dump/804a388-tutorial/804e910.s.o
                0x0804e910                sub_804E910
 asm/dump/804a388-tutorial/804ea88.s.o(.text)
 .text          0x0804ea88      0x160 asm/dump/804a388-tutorial/804ea88.s.o
                0x0804ea88                sub_804EA88
 asm/dump/804a388-tutorial/804ebe8.s.o(.text)
 .text          0x0804ebe8       0x2c asm/dump/804a388-tutorial/804ebe8.s.o
                0x0804ebe8                sub_804EBE8
 asm/dump/804a388-tutorial/804ec14-LoadHUD.s.o(.text)
 .text          0x0804ec14      0x218 asm/dump/804a388-tutorial/804ec14-LoadHUD.s.o
                0x0804ec14                LoadHUD
 asm/dump/804a388-tutorial/804ee2c.s.o(.text)
 .text          0x0804ee2c       0x28 asm/dump/804a388-tutorial/804ee2c.s.o
                0x0804ee2c                sub_804EE2C
 asm/dump/804a388-tutorial/804ee54.s.o(.text)
 .text          0x0804ee54      0x208 asm/dump/804a388-tutorial/804ee54.s.o
                0x0804ee54                sub_804EE54
 asm/dump/804a388-tutorial/804f05c.s.o(.text)
 .text          0x0804f05c      0x244 asm/dump/804a388-tutorial/804f05c.s.o
                0x0804f05c                sub_804F05C
 asm/dump/804a388-tutorial/804f2a0.s.o(.text)
 .text          0x0804f2a0       0xdc asm/dump/804a388-tutorial/804f2a0.s.o
                0x0804f2a0                sub_804F2A0
 asm/dump/804a388-tutorial/804f37c.s.o(.text)
 .text          0x0804f37c       0xfc asm/dump/804a388-tutorial/804f37c.s.o
                0x0804f37c                sub_804F37C
 asm/dump/804a388-tutorial/804f478.s.o(.text)
 .text          0x0804f478      0x31c asm/dump/804a388-tutorial/804f478.s.o
                0x0804f478                sub_804F478
 asm/dump/804a388-tutorial/804f794.s.o(.text)
 .text          0x0804f794       0x6c asm/dump/804a388-tutorial/804f794.s.o
                0x0804f794                sub_804F794
 asm/dump/804a388-tutorial/804f800.s.o(.text)
 .text          0x0804f800       0x24 asm/dump/804a388-tutorial/804f800.s.o
                0x0804f800                sub_804F800
 asm/dump/804a388-tutorial/804f824.s.o(.text)
 .text          0x0804f824       0x28 asm/dump/804a388-tutorial/804f824.s.o
                0x0804f824                sub_804F824
 asm/dump/804a388-tutorial/804f84c.s.o(.text)
 .text          0x0804f84c       0x2c asm/dump/804a388-tutorial/804f84c.s.o
                0x0804f84c                sub_804F84C
 asm/dump/804a388-tutorial/804f878.s.o(.text)
 .text          0x0804f878      0x13c asm/dump/804a388-tutorial/804f878.s.o
                0x0804f878                sub_804F878
 asm/dump/804a388-tutorial/804f9b4.s.o(.text)
 .text          0x0804f9b4       0x8c asm/dump/804a388-tutorial/804f9b4.s.o
                0x0804f9b4                sub_804F9B4
 asm/dump/804a388-tutorial/804fa40.s.o(.text)
 .text          0x0804fa40       0x94 asm/dump/804a388-tutorial/804fa40.s.o
                0x0804fa40                sub_804FA40
 asm/dump/804a388-tutorial/804fad4.s.o(.text)
 .text          0x0804fad4       0x98 asm/dump/804a388-tutorial/804fad4.s.o
                0x0804fad4                sub_804FAD4
 asm/dump/804a388-tutorial/804fb6c.s.o(.text)
 .text          0x0804fb6c       0x94 asm/dump/804a388-tutorial/804fb6c.s.o
                0x0804fb6c                sub_804FB6C
 asm/dump/804a388-tutorial/804fc00.s.o(.text)
 .text          0x0804fc00       0xac asm/dump/804a388-tutorial/804fc00.s.o
                0x0804fc00                sub_804FC00
 asm/dump/804a388-tutorial/804fcac-getItem.s.o(.text)
 .text          0x0804fcac       0xb8 asm/dump/804a388-tutorial/804fcac-getItem.s.o
                0x0804fcac                getItem
 asm/dump/804a388-tutorial/804fd64.s.o(.text)
 .text          0x0804fd64       0xb0 asm/dump/804a388-tutorial/804fd64.s.o
                0x0804fd64                sub_804FD64
 asm/dump/804a388-tutorial/804fe14.s.o(.text)
 .text          0x0804fe14       0x1c asm/dump/804a388-tutorial/804fe14.s.o
                0x0804fe14                sub_804FE14
 asm/dump/804a388-tutorial/804fe30.s.o(.text)
 .text          0x0804fe30       0x20 asm/dump/804a388-tutorial/804fe30.s.o
                0x0804fe30                sub_804FE30
 asm/dump/804a388-tutorial/804fe50.s.o(.text)
 .text          0x0804fe50       0x4c asm/dump/804a388-tutorial/804fe50.s.o
                0x0804fe50                sub_804FE50
 asm/dump/804a388-tutorial/804fe9c.s.o(.text)
 .text          0x0804fe9c       0x4c asm/dump/804a388-tutorial/804fe9c.s.o
                0x0804fe9c                sub_804FE9C
 asm/dump/804a388-tutorial/804fee8.s.o(.text)
 .text          0x0804fee8       0x74 asm/dump/804a388-tutorial/804fee8.s.o
                0x0804fee8                sub_804FEE8
 asm/dump/804a388-tutorial/804ff5c.s.o(.text)
 .text          0x0804ff5c       0x2c asm/dump/804a388-tutorial/804ff5c.s.o
                0x0804ff5c                sub_804FF5C
 asm/dump/804a388-tutorial/804ff88.s.o(.text)
 .text          0x0804ff88       0x4c asm/dump/804a388-tutorial/804ff88.s.o
                0x0804ff88                sub_804FF88
 asm/dump/804a388-tutorial/804ffd4.s.o(.text)
 .text          0x0804ffd4       0x38 asm/dump/804a388-tutorial/804ffd4.s.o
                0x0804ffd4                sub_804FFD4
 asm/dump/804a388-tutorial/805000c.s.o(.text)
 .text          0x0805000c       0x44 asm/dump/804a388-tutorial/805000c.s.o
                0x0805000c                sub_805000C
 asm/dump/804a388-tutorial/8050050.s.o(.text)
 .text          0x08050050       0xc4 asm/dump/804a388-tutorial/8050050.s.o
                0x08050050                sub_8050050
 asm/dump/804a388-tutorial/8050114.s.o(.text)
 .text          0x08050114       0x70 asm/dump/804a388-tutorial/8050114.s.o
                0x08050114                sub_8050114
 asm/dump/804a388-tutorial/8050184.s.o(.text)
 .text          0x08050184       0x24 asm/dump/804a388-tutorial/8050184.s.o
                0x08050184                sub_8050184
 asm/dump/804a388-tutorial/80501a8.s.o(.text)
 .text          0x080501a8       0x20 asm/dump/804a388-tutorial/80501a8.s.o
                0x080501a8                sub_80501A8
 asm/dump/804a388-tutorial/80501c8.s.o(.text)
 .text          0x080501c8       0x30 asm/dump/804a388-tutorial/80501c8.s.o
                0x080501c8                sub_80501C8
 asm/dump/804a388-tutorial/80501f8.s.o(.text)
 .text          0x080501f8       0x54 asm/dump/804a388-tutorial/80501f8.s.o
                0x080501f8                sub_80501F8
 asm/dump/804a388-tutorial/805024c.s.o(.text)
 .text          0x0805024c       0x38 asm/dump/804a388-tutorial/805024c.s.o
                0x0805024c                sub_805024C
 asm/dump/804a388-tutorial/8050284.s.o(.text)
 .text          0x08050284       0x20 asm/dump/804a388-tutorial/8050284.s.o
                0x08050284                sub_8050284
 asm/dump/804a388-tutorial/80502a4.s.o(.text)
 .text          0x080502a4       0x88 asm/dump/804a388-tutorial/80502a4.s.o
                0x080502a4                sub_80502A4
 asm/dump/804a388-tutorial/805032c.s.o(.text)
 .text          0x0805032c        0x8 asm/dump/804a388-tutorial/805032c.s.o
                0x0805032c                sub_805032C
 asm/dump/804a388-tutorial/8050334.s.o(.text)
 .text          0x08050334        0x8 asm/dump/804a388-tutorial/8050334.s.o
                0x08050334                sub_8050334
 asm/dump/804a388-tutorial/805033c.s.o(.text)
 .text          0x0805033c        0x4 asm/dump/804a388-tutorial/805033c.s.o
                0x0805033c                sub_805033C
 asm/dump/804a388-tutorial/8050340.s.o(.text)
 .text          0x08050340        0xc asm/dump/804a388-tutorial/8050340.s.o
                0x08050340                sub_8050340
 asm/dump/804a388-tutorial/805034c.s.o(.text)
 .text          0x0805034c       0x18 asm/dump/804a388-tutorial/805034c.s.o
                0x0805034c                sub_805034C
 asm/dump/804a388-tutorial/8050364.s.o(.text)
 .text          0x08050364       0x20 asm/dump/804a388-tutorial/8050364.s.o
                0x08050364                sub_8050364
 asm/dump/804a388-tutorial/8050384.s.o(.text)
 .text          0x08050384       0x10 asm/dump/804a388-tutorial/8050384.s.o
                0x08050384                sub_8050384
 asm/dump/804a388-tutorial/8050394-newMotionGroup.s.o(.text)
 .text          0x08050394       0x88 asm/dump/804a388-tutorial/8050394-newMotionGroup.s.o
                0x08050394                newMotionGroup
 asm/dump/804a388-tutorial/805041c.s.o(.text)
 .text          0x0805041c       0xc8 asm/dump/804a388-tutorial/805041c.s.o
                0x0805041c                sub_805041C
 asm/dump/804a388-tutorial/80504e4.s.o(.text)
 .text          0x080504e4       0x48 asm/dump/804a388-tutorial/80504e4.s.o
                0x080504e4                sub_80504E4
 asm/dump/804a388-tutorial/805052c.s.o(.text)
 .text          0x0805052c       0x48 asm/dump/804a388-tutorial/805052c.s.o
                0x0805052c                sub_805052C
 asm/dump/804a388-tutorial/8050574.s.o(.text)
 .text          0x08050574        0x4 asm/dump/804a388-tutorial/8050574.s.o
                0x08050574                sub_8050574
 asm/dump/804a388-tutorial/8050578.s.o(.text)
 .text          0x08050578        0xc asm/dump/804a388-tutorial/8050578.s.o
                0x08050578                sub_8050578
 asm/dump/804a388-tutorial/8050584.s.o(.text)
 .text          0x08050584       0x20 asm/dump/804a388-tutorial/8050584.s.o
                0x08050584                sub_8050584
 src/main.c.o(.text.*)
 .text.mainLoop
                0x080505a4       0xf0 src/main.c.o
                0x080505a4                mainLoop
 .text.onVBlank
                0x08050694       0x1c src/main.c.o
                0x08050694                onVBlank
 .text.nullsub_37
                0x080506b0        0x4 src/main.c.o
                0x080506b0                nullsub_37
 .text.onTimer1Overflow
                0x080506b4        0xc src/main.c.o
                0x080506b4                onTimer1Overflow
 .text.sub_80506C0
                0x080506c0       0x34 src/main.c.o
                0x080506c0                sub_80506C0
 asm/dump/804a388-tutorial/80506f4-newLayerManagement.s.o(.text)
 .text          0x080506f4      0x1a0 asm/dump/804a388-tutorial/80506f4-newLayerManagement.s.o
                0x080506f4                newLayerManagement
 asm/dump/804a388-tutorial/8050894.s.o(.text)
 .text          0x08050894       0x10 asm/dump/804a388-tutorial/8050894.s.o
                0x08050894                sub_8050894
 asm/dump/804a388-tutorial/80508a4.s.o(.text)
 .text          0x080508a4       0x28 asm/dump/804a388-tutorial/80508a4.s.o
                0x080508a4                sub_80508A4
 asm/dump/804a388-tutorial/80508cc.s.o(.text)
 .text          0x080508cc      0x184 asm/dump/804a388-tutorial/80508cc.s.o
                0x080508cc                sub_80508CC
 asm/dump/804a388-tutorial/8050a50.s.o(.text)
 .text          0x08050a50       0x28 asm/dump/804a388-tutorial/8050a50.s.o
                0x08050a50                sub_8050A50
 asm/dump/804a388-tutorial/8050a78-nullsub_41.s.o(.text)
 .text          0x08050a78        0x4 asm/dump/804a388-tutorial/8050a78-nullsub_41.s.o
                0x08050a78                nullsub_41
 asm/dump/804a388-tutorial/8050a7c-newIconMenu.s.o(.text)
 .text          0x08050a7c      0x19c asm/dump/804a388-tutorial/8050a7c-newIconMenu.s.o
                0x08050a7c                newIconMenu
 asm/dump/804a388-tutorial/8050c18.s.o(.text)
 .text          0x08050c18      0x1e0 asm/dump/804a388-tutorial/8050c18.s.o
                0x08050c18                sub_8050C18
 asm/dump/804a388-tutorial/8050df8.s.o(.text)
 .text          0x08050df8       0x88 asm/dump/804a388-tutorial/8050df8.s.o
                0x08050df8                sub_8050DF8
 asm/dump/804a388-tutorial/8050e80.s.o(.text)
 .text          0x08050e80       0x8c asm/dump/804a388-tutorial/8050e80.s.o
                0x08050e80                sub_8050E80
 asm/dump/804a388-tutorial/8050f0c.s.o(.text)
 .text          0x08050f0c       0x8c asm/dump/804a388-tutorial/8050f0c.s.o
                0x08050f0c                sub_8050F0C
 asm/dump/804a388-tutorial/8050f98.s.o(.text)
 .text          0x08050f98       0x30 asm/dump/804a388-tutorial/8050f98.s.o
                0x08050f98                sub_8050F98
 asm/dump/804a388-tutorial/8050fc8.s.o(.text)
 .text          0x08050fc8       0x20 asm/dump/804a388-tutorial/8050fc8.s.o
                0x08050fc8                sub_8050FC8
 asm/dump/804a388-tutorial/8050fe8.s.o(.text)
 .text          0x08050fe8        0x4 asm/dump/804a388-tutorial/8050fe8.s.o
                0x08050fe8                sub_8050FE8
 asm/dump/804a388-tutorial/8050fec.s.o(.text)
 .text          0x08050fec        0x4 asm/dump/804a388-tutorial/8050fec.s.o
                0x08050fec                sub_8050FEC
 asm/dump/804a388-tutorial/8050ff0.s.o(.text)
 .text          0x08050ff0       0x1c asm/dump/804a388-tutorial/8050ff0.s.o
                0x08050ff0                sub_8050FF0
 asm/dump/804a388-tutorial/805100c.s.o(.text)
 .text          0x0805100c       0x1c asm/dump/804a388-tutorial/805100c.s.o
                0x0805100c                sub_805100C
 asm/dump/804a388-tutorial/8051028.s.o(.text)
 .text          0x08051028       0x44 asm/dump/804a388-tutorial/8051028.s.o
                0x08051028                sub_8051028
 asm/dump/804a388-tutorial/805106c-InitCurrentGameState.s.o(.text)
 .text          0x0805106c       0x90 asm/dump/804a388-tutorial/805106c-InitCurrentGameState.s.o
                0x0805106c                InitCurrentGameState
 asm/dump/804a388-tutorial/80510fc.s.o(.text)
 .text          0x080510fc      0x1b0 asm/dump/804a388-tutorial/80510fc.s.o
                0x080510fc                sub_80510FC
 asm/dump/804a388-tutorial/80512ac.s.o(.text)
 .text          0x080512ac       0xd0 asm/dump/804a388-tutorial/80512ac.s.o
                0x080512ac                sub_80512AC
 asm/dump/804a388-tutorial/805137c.s.o(.text)
 .text          0x0805137c       0x30 asm/dump/804a388-tutorial/805137c.s.o
                0x0805137c                sub_805137C
 asm/dump/804a388-tutorial/80513ac.s.o(.text)
 .text          0x080513ac       0xdc asm/dump/804a388-tutorial/80513ac.s.o
                0x080513ac                sub_80513AC
 asm/dump/804a388-tutorial/8051488.s.o(.text)
 .text          0x08051488       0xd0 asm/dump/804a388-tutorial/8051488.s.o
                0x08051488                sub_8051488
 asm/dump/804a388-tutorial/8051558.s.o(.text)
 .text          0x08051558       0x4c asm/dump/804a388-tutorial/8051558.s.o
                0x08051558                sub_8051558
 asm/dump/804a388-tutorial/80515a4.s.o(.text)
 .text          0x080515a4       0x3c asm/dump/804a388-tutorial/80515a4.s.o
                0x080515a4                sub_80515A4
 asm/dump/804a388-tutorial/80515e0.s.o(.text)
 .text          0x080515e0       0x38 asm/dump/804a388-tutorial/80515e0.s.o
                0x080515e0                sub_80515E0
 asm/dump/804a388-tutorial/8051618.s.o(.text)
 .text          0x08051618       0x14 asm/dump/804a388-tutorial/8051618.s.o
                0x08051618                sub_8051618
 asm/dump/804a388-tutorial/805162c.s.o(.text)
 .text          0x0805162c       0x14 asm/dump/804a388-tutorial/805162c.s.o
                0x0805162c                sub_805162C
 asm/dump/804a388-tutorial/8051640.s.o(.text)
 .text          0x08051640       0x14 asm/dump/804a388-tutorial/8051640.s.o
                0x08051640                sub_8051640
 asm/dump/804a388-tutorial/8051654-getSomeLevelID.s.o(.text)
 .text          0x08051654       0x34 asm/dump/804a388-tutorial/8051654-getSomeLevelID.s.o
                0x08051654                getSomeLevelID
 asm/dump/804a388-tutorial/8051688.s.o(.text)
 .text          0x08051688        0xc asm/dump/804a388-tutorial/8051688.s.o
                0x08051688                sub_8051688
 asm/dump/804a388-tutorial/8051694.s.o(.text)
 .text          0x08051694       0x1c asm/dump/804a388-tutorial/8051694.s.o
                0x08051694                sub_8051694
 asm/dump/804a388-tutorial/80516b0.s.o(.text)
 .text          0x080516b0       0x10 asm/dump/804a388-tutorial/80516b0.s.o
                0x080516b0                sub_80516B0
 asm/dump/804a388-tutorial/80516c0.s.o(.text)
 .text          0x080516c0       0x14 asm/dump/804a388-tutorial/80516c0.s.o
                0x080516c0                sub_80516C0
 asm/dump/804a388-tutorial/80516d4.s.o(.text)
 .text          0x080516d4        0xc asm/dump/804a388-tutorial/80516d4.s.o
                0x080516d4                sub_80516D4
 asm/dump/804a388-tutorial/80516e0.s.o(.text)
 .text          0x080516e0       0x18 asm/dump/804a388-tutorial/80516e0.s.o
                0x080516e0                sub_80516E0
 asm/dump/804a388-tutorial/80516f8-getLevelDescription2.s.o(.text)
 .text          0x080516f8       0x18 asm/dump/804a388-tutorial/80516f8-getLevelDescription2.s.o
                0x080516f8                getLevelDescription2
 asm/dump/804a388-tutorial/8051710-getLevelDescription.s.o(.text)
 .text          0x08051710       0x10 asm/dump/804a388-tutorial/8051710-getLevelDescription.s.o
                0x08051710                getLevelDescription
 asm/dump/804a388-tutorial/8051720.s.o(.text)
 .text          0x08051720       0x14 asm/dump/804a388-tutorial/8051720.s.o
                0x08051720                sub_8051720
 asm/dump/804a388-tutorial/8051734.s.o(.text)
 .text          0x08051734       0x10 asm/dump/804a388-tutorial/8051734.s.o
                0x08051734                sub_8051734
 asm/dump/804a388-tutorial/8051744.s.o(.text)
 .text          0x08051744       0x28 asm/dump/804a388-tutorial/8051744.s.o
                0x08051744                sub_8051744
 asm/dump/804a388-tutorial/805176c.s.o(.text)
 .text          0x0805176c       0x14 asm/dump/804a388-tutorial/805176c.s.o
                0x0805176c                sub_805176C
 asm/dump/804a388-tutorial/8051780.s.o(.text)
 .text          0x08051780       0x18 asm/dump/804a388-tutorial/8051780.s.o
                0x08051780                sub_8051780
 asm/dump/804a388-tutorial/8051798.s.o(.text)
 .text          0x08051798       0x14 asm/dump/804a388-tutorial/8051798.s.o
                0x08051798                sub_8051798
 asm/dump/804a388-tutorial/80517ac-GetLevelDescriptionNo.s.o(.text)
 .text          0x080517ac       0x3c asm/dump/804a388-tutorial/80517ac-GetLevelDescriptionNo.s.o
                0x080517ac                GetLevelDescriptionNo
 asm/dump/804a388-tutorial/80517e8.s.o(.text)
 .text          0x080517e8       0x1c asm/dump/804a388-tutorial/80517e8.s.o
                0x080517e8                sub_80517E8
 asm/dump/804a388-tutorial/8051804.s.o(.text)
 .text          0x08051804       0x1c asm/dump/804a388-tutorial/8051804.s.o
                0x08051804                sub_8051804
 asm/dump/804a388-tutorial/8051820.s.o(.text)
 .text          0x08051820       0x3c asm/dump/804a388-tutorial/8051820.s.o
                0x08051820                sub_8051820
 asm/dump/804a388-tutorial/805185c.s.o(.text)
 .text          0x0805185c        0xc asm/dump/804a388-tutorial/805185c.s.o
                0x0805185c                sub_805185C
 asm/dump/804a388-tutorial/8051868.s.o(.text)
 .text          0x08051868       0x14 asm/dump/804a388-tutorial/8051868.s.o
                0x08051868                sub_8051868
 asm/dump/804a388-tutorial/805187c.s.o(.text)
 .text          0x0805187c       0x4c asm/dump/804a388-tutorial/805187c.s.o
                0x0805187c                sub_805187C
 asm/dump/804a388-tutorial/80518c8.s.o(.text)
 .text          0x080518c8       0x28 asm/dump/804a388-tutorial/80518c8.s.o
                0x080518c8                sub_80518C8
 asm/dump/804a388-tutorial/80518f0.s.o(.text)
 .text          0x080518f0       0x28 asm/dump/804a388-tutorial/80518f0.s.o
                0x080518f0                sub_80518F0
 asm/dump/804a388-tutorial/8051918-gameLoop.s.o(.text)
 .text          0x08051918      0x7dc asm/dump/804a388-tutorial/8051918-gameLoop.s.o
                0x08051918                gameLoop
 asm/dump/804a388-tutorial/80520f4.s.o(.text)
 .text          0x080520f4       0x4c asm/dump/804a388-tutorial/80520f4.s.o
                0x080520f4                sub_80520F4
 asm/dump/804a388-tutorial/8052140.s.o(.text)
 .text          0x08052140       0x40 asm/dump/804a388-tutorial/8052140.s.o
                0x08052140                sub_8052140
 asm/dump/804a388-tutorial/8052180.s.o(.text)
 .text          0x08052180      0x154 asm/dump/804a388-tutorial/8052180.s.o
                0x08052180                sub_8052180
 asm/dump/804a388-tutorial/80522d4.s.o(.text)
 .text          0x080522d4      0x240 asm/dump/804a388-tutorial/80522d4.s.o